Archive member included because of file (symbol)

irq/irq_code.a(irq_timer1.o)  timer.o (ledMatrix)
irq/irq_code.a(irqUart.o)     uart.o (uart1ISR)
../startup/libea_startup_thumb.a(consol.o)
                              main.o (simplePrintf)
../startup/libea_startup_thumb.a(framework.o)
                              main.o (eaInit)
../startup/libea_startup_thumb.a(startup.o)
                              (_startup)
../pre_emptive_os/pre_emptive_os.a(kernel.o)
                              main.o (osInit)
../pre_emptive_os/pre_emptive_os.a(prioqueue.o)
                              ../pre_emptive_os/pre_emptive_os.a(kernel.o) (initPrioQueue)
../pre_emptive_os/pre_emptive_os.a(timer.o)
                              ../pre_emptive_os/pre_emptive_os.a(kernel.o) (timerTick)
../pre_emptive_os/pre_emptive_os.a(stack_usage.o)
                              ../pre_emptive_os/pre_emptive_os.a(kernel.o) (createStackPattern)
../pre_emptive_os/pre_emptive_os.a(a7hal.o)
                              ../pre_emptive_os/pre_emptive_os.a(kernel.o) (stkFrameInit_oshal)
../pre_emptive_os/pre_emptive_os.a(a7hal_a.o)
                              ../pre_emptive_os/pre_emptive_os.a(kernel.o) (startHighProc_oshal)
../pre_emptive_os/pre_emptive_os.a(count_sem.o)
                              ../pre_emptive_os/pre_emptive_os.a(timer.o) (osSemInit)
../pre_emptive_os/pre_emptive_os.a(event.o)
                              ../pre_emptive_os/pre_emptive_os.a(count_sem.o) (eventInit)
/cygdrive/c/Embedded/GNUARM/bin/../lib/gcc/arm-elf/4.1.1/interwork/libgcc.a(_udivsi3.o)
                              ../startup/libea_startup_thumb.a(consol.o) (__udivsi3)
/cygdrive/c/Embedded/GNUARM/bin/../lib/gcc/arm-elf/4.1.1/interwork/libgcc.a(_divsi3.o)
                              main.o (__divsi3)
/cygdrive/c/Embedded/GNUARM/bin/../lib/gcc/arm-elf/4.1.1/interwork/libgcc.a(_umodsi3.o)
                              ../startup/libea_startup_thumb.a(consol.o) (__umodsi3)
/cygdrive/c/Embedded/GNUARM/bin/../lib/gcc/arm-elf/4.1.1/interwork/libgcc.a(_modsi3.o)
                              main.o (__modsi3)
/cygdrive/c/Embedded/GNUARM/bin/../lib/gcc/arm-elf/4.1.1/interwork/libgcc.a(_dvmd_tls.o)
                              /cygdrive/c/Embedded/GNUARM/bin/../lib/gcc/arm-elf/4.1.1/interwork/libgcc.a(_udivsi3.o) (__div0)
/cygdrive/c/Embedded/GNUARM/bin/../lib/gcc/arm-elf/4.1.1/interwork/libgcc.a(_call_via_rX.o)
                              ../pre_emptive_os/pre_emptive_os.a(timer.o) (_call_via_r4)
/cygdrive/c/Embedded/GNUARM/bin/../lib/gcc/arm-elf/4.1.1/../../../../arm-elf/lib/interwork/libc.a(atoi.o)
                              ../startup/libea_startup_thumb.a(consol.o) (atoi)
/cygdrive/c/Embedded/GNUARM/bin/../lib/gcc/arm-elf/4.1.1/../../../../arm-elf/lib/interwork/libc.a(memcmp.o)
                              gpio.o (memcmp)
/cygdrive/c/Embedded/GNUARM/bin/../lib/gcc/arm-elf/4.1.1/../../../../arm-elf/lib/interwork/libc.a(memcpy.o)
                              printMatrix.o (memcpy)
/cygdrive/c/Embedded/GNUARM/bin/../lib/gcc/arm-elf/4.1.1/../../../../arm-elf/lib/interwork/libc.a(rand.o)
                              main.o (srand)
/cygdrive/c/Embedded/GNUARM/bin/../lib/gcc/arm-elf/4.1.1/../../../../arm-elf/lib/interwork/libc.a(snprintf.o)
                              main.o (snprintf)
/cygdrive/c/Embedded/GNUARM/bin/../lib/gcc/arm-elf/4.1.1/../../../../arm-elf/lib/interwork/libc.a(strlen.o)
                              ../startup/libea_startup_thumb.a(consol.o) (strlen)
/cygdrive/c/Embedded/GNUARM/bin/../lib/gcc/arm-elf/4.1.1/../../../../arm-elf/lib/interwork/libc.a(strtol.o)
                              /cygdrive/c/Embedded/GNUARM/bin/../lib/gcc/arm-elf/4.1.1/../../../../arm-elf/lib/interwork/libc.a(atoi.o) (_strtol_r)
/cygdrive/c/Embedded/GNUARM/bin/../lib/gcc/arm-elf/4.1.1/../../../../arm-elf/lib/interwork/libc.a(vfprintf.o)
                              /cygdrive/c/Embedded/GNUARM/bin/../lib/gcc/arm-elf/4.1.1/../../../../arm-elf/lib/interwork/libc.a(snprintf.o) (_vfprintf_r)
/cygdrive/c/Embedded/GNUARM/bin/../lib/gcc/arm-elf/4.1.1/../../../../arm-elf/lib/interwork/libc.a(wcrtomb.o)
                              /cygdrive/c/Embedded/GNUARM/bin/../lib/gcc/arm-elf/4.1.1/../../../../arm-elf/lib/interwork/libc.a(vfprintf.o) (_wcrtomb_r)
/cygdrive/c/Embedded/GNUARM/bin/../lib/gcc/arm-elf/4.1.1/../../../../arm-elf/lib/interwork/libc.a(wcsrtombs.o)
                              /cygdrive/c/Embedded/GNUARM/bin/../lib/gcc/arm-elf/4.1.1/../../../../arm-elf/lib/interwork/libc.a(vfprintf.o) (_wcsrtombs_r)
/cygdrive/c/Embedded/GNUARM/bin/../lib/gcc/arm-elf/4.1.1/../../../../arm-elf/lib/interwork/libc.a(wctomb_r.o)
                              /cygdrive/c/Embedded/GNUARM/bin/../lib/gcc/arm-elf/4.1.1/../../../../arm-elf/lib/interwork/libc.a(wcrtomb.o) (_wctomb_r)
/cygdrive/c/Embedded/GNUARM/bin/../lib/gcc/arm-elf/4.1.1/../../../../arm-elf/lib/interwork/libc.a(wsetup.o)
[...]
Memory Configuration

Name             Origin             Length             Attributes
FLASH            0x00000000         0x00080000         xr
RAM              0x40000000         0x00008000         rw
*default*        0x00000000         0xffffffff

Linker script and memory map

LOAD main.o
LOAD RGB.o
LOAD uart.o
LOAD timer.o
LOAD motor.o
LOAD soundPlay.o
LOAD printMatrix.o
LOAD lcd.o
LOAD texts.o
LOAD gpio.o
LOAD irq/irq_code.a
LOAD ../startup/libea_startup_thumb.a
LOAD ../pre_emptive_os/pre_emptive_os.a
START GROUP
LOAD /cygdrive/c/Embedded/GNUARM/bin/../lib/gcc/arm-elf/4.1.1/interwork/libgcc.a
LOAD /cygdrive/c/Embedded/GNUARM/bin/../lib/gcc/arm-elf/4.1.1/../../../../arm-elf/lib/interwork/libc.a
END GROUP

.text           0x00000000     0xb550
 *startup.o(.text)
 .text          0x00000000      0x1d8 ../startup/libea_startup_thumb.a(startup.o)
                0x00000000                _startup
 *(.text)
 .text          0x000001d8      0x4f8 main.o
                0x000001d8                appTick
                0x000001e8                main
 .text          0x000006d0       0x8c RGB.o
                0x000006d0                testRGB
 .text          0x0000075c      0x204 uart.o
                0x00000880                uart1SendChar
                0x00000904                uart1SendChars
                0x00000948                uart1SendString
                0x0000092c                uart1SendCh
                0x0000075c                initUart1
                0x00000834                uart1GetChar
                0x00000864                uart1GetCh
 .text          0x00000960       0x88 timer.o
                0x00000960                startTimer1
                0x000009c4                getSomeTime
 .text          0x000009e8       0x5c motor.o
                0x000009e8                testMotor
 .text          0x00000a44       0xd8 soundPlay.o
                0x00000a44                soundPlay
                0x00000acc                soundManager
 .text          0x00000b1c       0x38 printMatrix.o
                0x00000b1c                printMatrix
 .text          0x00000b54      0x1c8 lcd.o
                0x00000c04                messageOnLCD
 .text          0x00000d1c      0x1ac texts.o
                0x00000d1c                printScoreboard
                0x00000de4                printInfo
                0x00000d64                printPatternInfo
                0x00000e44                printIntro
 .text          0x00000ec8      0x158 gpio.o
                0x00000fa4                getAnyButton
                0x00000f34                checkIO
                0x00000ec8                getButton
 .text          0x00001020      0x138 irq/irq_code.a(irq_timer1.o)
                0x00001020                send_SPI
                0x000010b4                ledMatrix
 .text          0x00001158      0x1e4 irq/irq_code.a(irqUart.o)
                0x00001158                uart1ISR
                0x00001334                restoreIrq
                0x00001314                disIrq
 .text          0x0000133c      0x67c ../startup/libea_startup_thumb.a(consol.o)
                0x000017f4                consolGetIntNum
                0x00001430                consolSendCh
                0x000015fc                consolGetString
                0x000014a0                consolSendNumber
                0x000015b8                consolGetCh
                0x00001410                consolSendChar
                0x00001674                simplePrintf
                0x00001474                consolSendString
                0x000018d4                consolScanf
                0x000015d8                consolGetChar
                0x000013c0                consolInit
 .text          0x000019b8      0x2c0 ../startup/libea_startup_thumb.a(framework.o)
                0x00001ae4                eaInit
                0x00001a30                lowLevelInit
                0x000019b8                exceptionHandlerInit
 .text          0x00001c78      0x4f8 ../pre_emptive_os/pre_emptive_os.a(kernel.o)
                0x00001ff4                osTick
                0x000020b8                rmvFromRdyList
                0x00001e14                osGetHighPrioProc
                0x000020d4                osSuspend
                0x00001d28                osInit
                0x00002108                osDeleteProcess
                0x00001d54                osISREnter
                0x00001e30                schedule
                0x00001d78                osCreateProcess
                0x00001f74                addToRdyList
                0x00001cc4                addToTimeList
                0x00001f88                osResume
                0x00001c78                osPid
                0x00002138                osSleep
                0x00001e9c                osISRExit
                0x00001f04                osStart
                0x00001f30                rmvFromTimeList
                0x00002050                osStartProcess
 .text          0x00002170      0x124 ../pre_emptive_os/pre_emptive_os.a(prioqueue.o)
                0x00002170                initPrioQueue
                0x000021d8                rmvFromPrioQueue
                0x00002190                addToPrioQueue
                0x00002274                isEmptyPrioQueue
                0x0000223c                getHighPrioQueue
 .text          0x00002294      0x218 ../pre_emptive_os/pre_emptive_os.a(timer.o)
                0x00002294                timerTick
                0x00002408                osInitTimers
                0x000023a4                osDeleteTimer
                0x00002378                osCreateTimer
 .text          0x000024ac       0xa4 ../pre_emptive_os/pre_emptive_os.a(stack_usage.o)
                0x000024ac                osStackUsage
                0x000024f0                createStackPattern
                0x00002510                checkStackLimit
 .text          0x00002550      0x1ec ../pre_emptive_os/pre_emptive_os.a(a7hal.o)
                0x00002588                stkFrameInit_oshal
                0x00002550                timerIsr_oshal
                0x00002668                halRestoreInterrupts_oshal
                0x00002670                initTimer_oshal
                0x00002658                halEnableInterrupts_oshal
                0x00002708                handleIRQs_oshal
                0x00002638                halDisableInterrupts_oshal
 .text          0x0000273c       0xc4 ../pre_emptive_os/pre_emptive_os.a(a7hal_a.o)
                0x00002748                startHighProc_oshal
                0x00002770                ctxSwitchIsr_oshal
                0x00002750                ctxSwitch_oshal
                0x00002790                generalIRQ_oshal
 .text          0x00002800      0x144 ../pre_emptive_os/pre_emptive_os.a(count_sem.o)
                0x000028a0                osSemGive
                0x00002904                osSemTryTake
                0x00002800                osSemInit
                0x00002814                osSemTake
 .text          0x00002944       0xd8 ../pre_emptive_os/pre_emptive_os.a(event.o)
                0x00002954                eventWait
                0x00002944                eventInit
                0x000029bc                eventIsEmpty
                0x0000298c                eventWaitReturn
                0x000029cc                eventSignal
 .text          0x00002a1c      0x114 /cygdrive/c/Embedded/GNUARM/bin/../lib/gcc/arm-elf/4.1.1/interwork/libgcc.a(_udivsi3.o)
                0x00002a1c                __udivsi3
                0x00002a1c                __aeabi_uidiv
                0x00002b18                __aeabi_uidivmod
 .text          0x00002b30      0x144 /cygdrive/c/Embedded/GNUARM/bin/../lib/gcc/arm-elf/4.1.1/interwork/libgcc.a(_divsi3.o)
                0x00002b30                __aeabi_idiv
                0x00002b30                __divsi3
                0x00002c5c                __aeabi_idivmod
 .text          0x00002c74       0xd0 /cygdrive/c/Embedded/GNUARM/bin/../lib/gcc/arm-elf/4.1.1/interwork/libgcc.a(_umodsi3.o)
                0x00002c74                __umodsi3
 .text          0x00002d44       0xe8 /cygdrive/c/Embedded/GNUARM/bin/../lib/gcc/arm-elf/4.1.1/interwork/libgcc.a(_modsi3.o)
                0x00002d44                __modsi3
 .text          0x00002e2c        0x4 /cygdrive/c/Embedded/GNUARM/bin/../lib/gcc/arm-elf/4.1.1/interwork/libgcc.a(_dvmd_tls.o)
                0x00002e2c                __aeabi_ldiv0
                0x00002e2c                __div0
                0x00002e2c                __aeabi_idiv0
 .text          0x00002e30       0x3c /cygdrive/c/Embedded/GNUARM/bin/../lib/gcc/arm-elf/4.1.1/interwork/libgcc.a(_call_via_rX.o)
                0x00002e38                _call_via_r2
                0x00002e48                _call_via_r6
                0x00002e44                _call_via_r5
                0x00002e3c                _call_via_r3
                0x00002e5c                _call_via_fp
                0x00002e50                _call_via_r8
                0x00002e4c                _call_via_r7
                0x00002e30                _call_via_r0
                0x00002e58                _call_via_sl
                0x00002e64                _call_via_sp
                0x00002e54                _call_via_r9
                0x00002e40                _call_via_r4
                0x00002e34                _call_via_r1
                0x00002e60                _call_via_ip
                0x00002e68                _call_via_lr
 .text          0x00002e6c       0x30 /cygdrive/c/Embedded/GNUARM/bin/../lib/gcc/arm-elf/4.1.1/../../../../arm-elf/lib/interwork/libc.a(atoi.o)
                0x00002e6c                _atoi_r
                0x00002e84                atoi
 .text          0x00002e9c       0x98 /cygdrive/c/Embedded/GNUARM/bin/../lib/gcc/arm-elf/4.1.1/../../../../arm-elf/lib/interwork/libc.a(memcmp.o)
                0x00002e9c                memcmp
 .text          0x00002f34       0x9c /cygdrive/c/Embedded/GNUARM/bin/../lib/gcc/arm-elf/4.1.1/../../../../arm-elf/lib/interwork/libc.a(memcpy.o)
                0x00002f34                memcpy
 .text          0x00002fd0       0x7c /cygdrive/c/Embedded/GNUARM/bin/../lib/gcc/arm-elf/4.1.1/../../../../arm-elf/lib/interwork/libc.a(rand.o)
                0x00002fec                rand
                0x00002fd0                srand
 .text          0x0000304c      0x150 /cygdrive/c/Embedded/GNUARM/bin/../lib/gcc/arm-elf/4.1.1/../../../../arm-elf/lib/interwork/libc.a(snprintf.o)
                0x0000304c                snprintf
                0x000030fc                _snprintf_r
 .text          0x0000319c       0x90 /cygdrive/c/Embedded/GNUARM/bin/../lib/gcc/arm-elf/4.1.1/../../../../arm-elf/lib/interwork/libc.a(strlen.o)
                0x0000319c                strlen
 .text          0x0000322c      0x1f0 /cygdrive/c/Embedded/GNUARM/bin/../lib/gcc/arm-elf/4.1.1/../../../../arm-elf/lib/interwork/libc.a(strtol.o)
                0x000033f0                strtol
                0x0000322c                _strtol_r
 .text          0x0000341c     0x1f8c /cygdrive/c/Embedded/GNUARM/bin/../lib/gcc/arm-elf/4.1.1/../../../../arm-elf/lib/interwork/libc.a(vfprintf.o)
                0x0000345c                _vfprintf_r
                0x0000537c                vfprintf
 .text          0x000053a8       0x84 /cygdrive/c/Embedded/GNUARM/bin/../lib/gcc/arm-elf/4.1.1/../../../../arm-elf/lib/interwork/libc.a(wcrtomb.o)
                0x000053a8                _wcrtomb_r
                0x00005400                wcrtomb
 .text          0x0000542c      0x180 /cygdrive/c/Embedded/GNUARM/bin/../lib/gcc/arm-elf/4.1.1/../../../../arm-elf/lib/interwork/libc.a(wcsrtombs.o)
                0x0000542c                _wcsrtombs_r
                0x00005568                wcsrtombs
 .text          0x000055ac      0x41c /cygdrive/c/Embedded/GNUARM/bin/../lib/gcc/arm-elf/4.1.1/../../../../arm-elf/lib/interwork/libc.a(wctomb_r.o)
                0x000055ac                _wctomb_r
 .text          0x000059c8      0x100 /cygdrive/c/Embedded/GNUARM/bin/../lib/gcc/arm-elf/4.1.1/../../../../arm-elf/lib/interwork/libc.a(wsetup.o)
                0x000059c8                __swsetup
 .text          0x00005ac8        0x0 /cygdrive/c/Embedded/GNUARM/bin/../lib/gcc/arm-elf/4.1.1/../../../../arm-elf/lib/interwork/libc.a(ctype_.o)
 .text          0x00005ac8     0x1660 /cygdrive/c/Embedded/GNUARM/bin/../lib/gcc/arm-elf/4.1.1/../../../../arm-elf/lib/interwork/libc.a(dtoa.o)
                0x00005cd0                _dtoa_r
 .text          0x00007128       0xe8 /cygdrive/c/Embedded/GNUARM/bin/../lib/gcc/arm-elf/4.1.1/../../../../arm-elf/lib/interwork/libc.a(fflush.o)
                0x00007128                fflush
 .text          0x00007210      0x2a0 /cygdrive/c/Embedded/GNUARM/bin/../lib/gcc/arm-elf/4.1.1/../../../../arm-elf/lib/interwork/libc.a(findfp.o)
                0x0000727c                __sinit
                0x0000737c                __sfmoreglue
                0x0000736c                _cleanup
                0x00007354                _cleanup_r
                0x00007330                __fp_lock_all
                0x0000726c                __sfp_lock_acquire
                0x000073d0                __sfp
                0x00007278                __sinit_lock_release
                0x0000730c                __fp_unlock_all
                0x00007270                __sfp_lock_release
                0x00007274                __sinit_lock_acquire
 .text          0x000074b0      0x3a4 /cygdrive/c/Embedded/GNUARM/bin/../lib/gcc/arm-elf/4.1.1/../../../../arm-elf/lib/interwork/libc.a(freer.o)
                0x000075b0                _free_r
                0x000074b0                _malloc_trim_r
 .text          0x00007854      0x408 /cygdrive/c/Embedded/GNUARM/bin/../lib/gcc/arm-elf/4.1.1/../../../../arm-elf/lib/interwork/libc.a(fvwrite.o)
                0x00007854                __sfvwrite
 .text          0x00007c5c      0x114 /cygdrive/c/Embedded/GNUARM/bin/../lib/gcc/arm-elf/4.1.1/../../../../arm-elf/lib/interwork/libc.a(fwalk.o)
                0x00007ce8                _fwalk
                0x00007c5c                _fwalk_reent
 .text          0x00007d70        0x0 /cygdrive/c/Embedded/GNUARM/bin/../lib/gcc/arm-elf/4.1.1/../../../../arm-elf/lib/interwork/libc.a(impure.o)
 .text          0x00007d70       0xb0 /cygdrive/c/Embedded/GNUARM/bin/../lib/gcc/arm-elf/4.1.1/../../../../arm-elf/lib/interwork/libc.a(locale.o)
                0x00007d9c                _setlocale_r
                0x00007d70                __locale_charset
                0x00007d80                _localeconv_r
                0x00007e04                setlocale
                0x00007d8c                localeconv
 .text          0x00007e20      0x158 /cygdrive/c/Embedded/GNUARM/bin/../lib/gcc/arm-elf/4.1.1/../../../../arm-elf/lib/interwork/libc.a(makebuf.o)
                0x00007e20                __smakebuf
 .text          0x00007f78      0x774 /cygdrive/c/Embedded/GNUARM/bin/../lib/gcc/arm-elf/4.1.1/../../../../arm-elf/lib/interwork/libc.a(mallocr.o)
                0x00007f78                _malloc_r
 .text          0x000086ec      0x100 /cygdrive/c/Embedded/GNUARM/bin/../lib/gcc/arm-elf/4.1.1/../../../../arm-elf/lib/interwork/libc.a(memchr.o)
                0x000086ec                memchr
 .text          0x000087ec       0xe4 /cygdrive/c/Embedded/GNUARM/bin/../lib/gcc/arm-elf/4.1.1/../../../../arm-elf/lib/interwork/libc.a(memmove.o)
                0x000087ec                memmove
 .text          0x000088d0       0x98 /cygdrive/c/Embedded/GNUARM/bin/../lib/gcc/arm-elf/4.1.1/../../../../arm-elf/lib/interwork/libc.a(memset.o)
                0x000088d0                memset
 .text          0x00008968        0x8 /cygdrive/c/Embedded/GNUARM/bin/../lib/gcc/arm-elf/4.1.1/../../../../arm-elf/lib/interwork/libc.a(mlock.o)
                0x0000896c                __malloc_unlock
                0x00008968                __malloc_lock
 .text          0x00008970      0xc00 /cygdrive/c/Embedded/GNUARM/bin/../lib/gcc/arm-elf/4.1.1/../../../../arm-elf/lib/interwork/libc.a(mprec.o)
                0x00008c68                _mprec_log10
                0x0000898c                _hi0bits
                0x00008cd0                _Balloc
                0x00008d6c                _d2b
                0x000090d8                _multiply
                0x00008bec                _ratio
                0x00009484                _s2b
                0x0000929c                _i2b
                0x000089e4                _lo0bits
                0x00008a78                __mcmp
                0x0000938c                _pow5mult
                0x00008ad8                _ulp
                0x00008b38                _b2d
                0x000092c0                _multadd
                0x00008ea4                __mdiff
                0x00008fd8                _lshift
                0x00008970                _Bfree
 .text          0x00009570      0x63c /cygdrive/c/Embedded/GNUARM/bin/../lib/gcc/arm-elf/4.1.1/../../../../arm-elf/lib/interwork/libc.a(reallocr.o)
                0x00009570                _realloc_r
 .text          0x00009bac       0x3c /cygdrive/c/Embedded/GNUARM/bin/../lib/gcc/arm-elf/4.1.1/../../../../arm-elf/lib/interwork/libc.a(s_isinf.o)
                0x00009bac                isinf
 .text          0x00009be8       0x30 /cygdrive/c/Embedded/GNUARM/bin/../lib/gcc/arm-elf/4.1.1/../../../../arm-elf/lib/interwork/libc.a(s_isnan.o)
                0x00009be8                isnan
 .text          0x00009c18       0x40 /cygdrive/c/Embedded/GNUARM/bin/../lib/gcc/arm-elf/4.1.1/../../../../arm-elf/lib/interwork/libc.a(sbrkr.o)
                0x00009c18                _sbrk_r
 .text          0x00009c58      0x118 /cygdrive/c/Embedded/GNUARM/bin/../lib/gcc/arm-elf/4.1.1/../../../../arm-elf/lib/interwork/libc.a(stdio.o)
                0x00009c78                __sseek
                0x00009d28                __sread
                0x00009c58                __sclose
                0x00009cc4                __swrite
 .text          0x00009d70       0xd0 /cygdrive/c/Embedded/GNUARM/bin/../lib/gcc/arm-elf/4.1.1/../../../../arm-elf/lib/interwork/libc.a(strcmp.o)
                0x00009d70                strcmp
 .text          0x00009e40      0x748 /cygdrive/c/Embedded/GNUARM/bin/../lib/gcc/arm-elf/4.1.1/../../../../arm-elf/lib/interwork/libc.a(syscalls.o)
                0x00009e70                _getpid
                0x0000a3f0                initialise_monitor_handles
                0x00009e8c                isatty
                0x00009f70                _fstat
                0x0000a37c                _open
                0x00009ed8                _sbrk
                0x00009e88                _raise
                0x0000a4b0                _times
                0x0000a39c                _stat
                0x0000a218                _lseek
                0x00009e78                _link
                0x0000a084                _swiwrite
                0x00009e94                _rename
                0x0000a134                _swilseek
                0x0000a024                _swiclose
                0x0000a2d0                _swiopen
                0x00009e80                _unlink
                0x0000a0c4                _write
                0x0000a53c                _kill
                0x0000a4f0                _gettimeofday
                0x0000a268                _read
                0x0000a568                _exit
                0x00009eb0                _system
                0x0000a228                _swiread
                0x0000a074                _close
 .text          0x0000a588       0x44 /cygdrive/c/Embedded/GNUARM/bin/../lib/gcc/arm-elf/4.1.1/../../../../arm-elf/lib/interwork/libc.a(writer.o)
                0x0000a588                _write_r
 .text          0x0000a5cc       0xa0 /cygdrive/c/Embedded/GNUARM/bin/../lib/gcc/arm-elf/4.1.1/../../../../arm-elf/lib/interwork/libc.a(callocr.o)
                0x0000a5cc                _calloc_r
 .text          0x0000a66c       0x3c /cygdrive/c/Embedded/GNUARM/bin/../lib/gcc/arm-elf/4.1.1/../../../../arm-elf/lib/interwork/libc.a(closer.o)
                0x0000a66c                _close_r
 .text          0x0000a6a8       0x10 /cygdrive/c/Embedded/GNUARM/bin/../lib/gcc/arm-elf/4.1.1/../../../../arm-elf/lib/interwork/libc.a(errno.o)
                0x0000a6a8                __errno
 .text          0x0000a6b8      0x12c /cygdrive/c/Embedded/GNUARM/bin/../lib/gcc/arm-elf/4.1.1/../../../../arm-elf/lib/interwork/libc.a(fclose.o)
                0x0000a6b8                _fclose_r
                0x0000a7d0                fclose
 .text          0x0000a7e4       0x40 /cygdrive/c/Embedded/GNUARM/bin/../lib/gcc/arm-elf/4.1.1/../../../../arm-elf/lib/interwork/libc.a(fstatr.o)
                0x0000a7e4                _fstat_r
 .text          0x0000a824       0x44 /cygdrive/c/Embedded/GNUARM/bin/../lib/gcc/arm-elf/4.1.1/../../../../arm-elf/lib/interwork/libc.a(lseekr.o)
                0x0000a824                _lseek_r
 .text          0x0000a868       0x44 /cygdrive/c/Embedded/GNUARM/bin/../lib/gcc/arm-elf/4.1.1/../../../../arm-elf/lib/interwork/libc.a(readr.o)
                0x0000a868                _read_r
 .text          0x0000a8ac      0x18c /cygdrive/c/Embedded/GNUARM/bin/../lib/gcc/arm-elf/4.1.1/../../../../arm-elf/lib/interwork/libc.a(reent.o)
                0x0000a928                cleanup_glue
                0x0000a954                _reclaim_reent
                0x0000a8ac                _wrapup_reent
 .text          0x0000aa38      0x430 /cygdrive/c/Embedded/GNUARM/bin/../lib/gcc/arm-elf/4.1.1/interwork/libgcc.a(_addsubdf3.o)
                0x0000adfc                __floatdidf
                0x0000ad7c                __floatsidf
                0x0000ad54                __aeabi_ui2d
                0x0000aa38                __aeabi_drsub
                0x0000ada8                __extendsfdf2
                0x0000aa44                __adddf3
                0x0000ad54                __floatunsidf
                0x0000aa44                __aeabi_dadd
                0x0000ade8                __aeabi_ul2d
                0x0000aa40                __aeabi_dsub
                0x0000ade8                __floatundidf
                0x0000ad7c                __aeabi_i2d
                0x0000adfc                __aeabi_l2d
                0x0000ada8                __aeabi_f2d
                0x0000aa40                __subdf3
 .text          0x0000ae68      0x49c /cygdrive/c/Embedded/GNUARM/bin/../lib/gcc/arm-elf/4.1.1/interwork/libgcc.a(_muldivdf3.o)
                0x0000b0f8                __aeabi_ddiv
                0x0000ae68                __aeabi_dmul
                0x0000b0f8                __divdf3
                0x0000ae68                __muldf3
 .text          0x0000b304      0x140 /cygdrive/c/Embedded/GNUARM/bin/../lib/gcc/arm-elf/4.1.1/interwork/libgcc.a(_cmpdf2.o)
                0x0000b3fc                __aeabi_dcmple
                0x0000b314                __cmpdf2
                0x0000b314                __eqdf2
                0x0000b304                __gtdf2
                0x0000b3b4                __aeabi_cdcmple
                0x0000b398                __aeabi_cdrcmple
                0x0000b30c                __ltdf2
                0x0000b3e4                __aeabi_dcmplt
                0x0000b30c                __ledf2
                0x0000b42c                __aeabi_dcmpgt
                0x0000b414                __aeabi_dcmpge
                0x0000b314                __nedf2
                0x0000b3cc                __aeabi_dcmpeq
                0x0000b3b4                __aeabi_cdcmpeq
                0x0000b304                __gedf2
 .text          0x0000b444       0x5c /cygdrive/c/Embedded/GNUARM/bin/../lib/gcc/arm-elf/4.1.1/interwork/libgcc.a(_fixdfsi.o)
                0x0000b444                __fixdfsi
                0x0000b444                __aeabi_d2iz
 *(.glue_7)
 .glue_7        0x0000b4a0        0x0 main.o
 .glue_7        0x0000b4a0        0x0 RGB.o
 .glue_7        0x0000b4a0        0x0 uart.o
 .glue_7        0x0000b4a0        0x0 timer.o
 .glue_7        0x0000b4a0        0x0 motor.o
 .glue_7        0x0000b4a0        0x0 soundPlay.o
 .glue_7        0x0000b4a0        0x0 printMatrix.o
 .glue_7        0x0000b4a0        0x0 lcd.o
 .glue_7        0x0000b4a0        0x0 texts.o
 .glue_7        0x0000b4a0        0x0 gpio.o
 .glue_7        0x0000b4a0        0x0 irq/irq_code.a(irq_timer1.o)
 .glue_7        0x0000b4a0        0x0 irq/irq_code.a(irqUart.o)
 .glue_7        0x0000b4a0        0x0 ../startup/libea_startup_thumb.a(consol.o)
 .glue_7        0x0000b4a0        0x0 ../startup/libea_startup_thumb.a(framework.o)
 .glue_7        0x0000b4a0        0x0 ../startup/libea_startup_thumb.a(startup.o)
 .glue_7        0x0000b4a0        0x0 ../pre_emptive_os/pre_emptive_os.a(kernel.o)
 .glue_7        0x0000b4a0        0x0 ../pre_emptive_os/pre_emptive_os.a(prioqueue.o)
 .glue_7        0x0000b4a0        0x0 ../pre_emptive_os/pre_emptive_os.a(timer.o)
 .glue_7        0x0000b4a0        0x0 ../pre_emptive_os/pre_emptive_os.a(stack_usage.o)
 .glue_7        0x0000b4a0        0x0 ../pre_emptive_os/pre_emptive_os.a(a7hal.o)
 .glue_7        0x0000b4a0        0x0 ../pre_emptive_os/pre_emptive_os.a(a7hal_a.o)
 .glue_7        0x0000b4a0        0x0 ../pre_emptive_os/pre_emptive_os.a(count_sem.o)
 .glue_7        0x0000b4a0        0x0 ../pre_emptive_os/pre_emptive_os.a(event.o)
 .glue_7        0x0000b4a0        0x0 /cygdrive/c/Embedded/GNUARM/bin/../lib/gcc/arm-elf/4.1.1/interwork/libgcc.a(_udivsi3.o)
 .glue_7        0x0000b4a0        0x0 /cygdrive/c/Embedded/GNUARM/bin/../lib/gcc/arm-elf/4.1.1/interwork/libgcc.a(_divsi3.o)
 .glue_7        0x0000b4a0        0x0 /cygdrive/c/Embedded/GNUARM/bin/../lib/gcc/arm-elf/4.1.1/interwork/libgcc.a(_umodsi3.o)
 .glue_7        0x0000b4a0        0x0 /cygdrive/c/Embedded/GNUARM/bin/../lib/gcc/arm-elf/4.1.1/interwork/libgcc.a(_modsi3.o)
 .glue_7        0x0000b4a0        0x0 /cygdrive/c/Embedded/GNUARM/bin/../lib/gcc/arm-elf/4.1.1/interwork/libgcc.a(_dvmd_tls.o)
 .glue_7        0x0000b4a0        0x0 /cygdrive/c/Embedded/GNUARM/bin/../lib/gcc/arm-elf/4.1.1/interwork/libgcc.a(_call_via_rX.o)
 .glue_7        0x0000b4a0        0x0 /cygdrive/c/Embedded/GNUARM/bin/../lib/gcc/arm-elf/4.1.1/../../../../arm-elf/lib/interwork/libc.a(atoi.o)
 .glue_7        0x0000b4a0        0x0 /cygdrive/c/Embedded/GNUARM/bin/../lib/gcc/arm-elf/4.1.1/../../../../arm-elf/lib/interwork/libc.a(memcmp.o)
 .glue_7        0x0000b4a0        0x0 /cygdrive/c/Embedded/GNUARM/bin/../lib/gcc/arm-elf/4.1.1/../../../../arm-elf/lib/interwork/libc.a(memcpy.o)
 .glue_7        0x0000b4a0        0x0 /cygdrive/c/Embedded/GNUARM/bin/../lib/gcc/arm-elf/4.1.1/../../../../arm-elf/lib/interwork/libc.a(rand.o)
 .glue_7        0x0000b4a0        0x0 /cygdrive/c/Embedded/GNUARM/bin/../lib/gcc/arm-elf/4.1.1/../../../../arm-elf/lib/interwork/libc.a(snprintf.o)
 .glue_7        0x0000b4a0        0x0 /cygdrive/c/Embedded/GNUARM/bin/../lib/gcc/arm-elf/4.1.1/../../../../arm-elf/lib/interwork/libc.a(strlen.o)
 .glue_7        0x0000b4a0        0x0 /cygdrive/c/Embedded/GNUARM/bin/../lib/gcc/arm-elf/4.1.1/../../../../arm-elf/lib/interwork/libc.a(strtol.o)
 .glue_7        0x0000b4a0        0x0 /cygdrive/c/Embedded/GNUARM/bin/../lib/gcc/arm-elf/4.1.1/../../../../arm-elf/lib/interwork/libc.a(vfprintf.o)
 .glue_7        0x0000b4a0        0x0 /cygdrive/c/Embedded/GNUARM/bin/../lib/gcc/arm-elf/4.1.1/../../../../arm-elf/lib/interwork/libc.a(wcrtomb.o)
 .glue_7        0x0000b4a0        0x0 /cygdrive/c/Embedded/GNUARM/bin/../lib/gcc/arm-elf/4.1.1/../../../../arm-elf/lib/interwork/libc.a(wcsrtombs.o)
 .glue_7        0x0000b4a0        0x0 /cygdrive/c/Embedded/GNUARM/bin/../lib/gcc/arm-elf/4.1.1/../../../../arm-elf/lib/interwork/libc.a(wctomb_r.o)
 .glue_7        0x0000b4a0        0x0 /cygdrive/c/Embedded/GNUARM/bin/../lib/gcc/arm-elf/4.1.1/../../../../arm-elf/lib/interwork/libc.a(wsetup.o)
 .glue_7        0x0000b4a0        0x0 /cygdrive/c/Embedded/GNUARM/bin/../lib/gcc/arm-elf/4.1.1/../../../../arm-elf/lib/interwork/libc.a(ctype_.o)
 .glue_7        0x0000b4a0        0x0 /cygdrive/c/Embedded/GNUARM/bin/../lib/gcc/arm-elf/4.1.1/../../../../arm-elf/lib/interwork/libc.a(dtoa.o)
 .glue_7        0x0000b4a0        0x0 /cygdrive/c/Embedded/GNUARM/bin/../lib/gcc/arm-elf/4.1.1/../../../../arm-elf/lib/interwork/libc.a(fflush.o)
 .glue_7        0x0000b4a0        0x0 /cygdrive/c/Embedded/GNUARM/bin/../lib/gcc/arm-elf/4.1.1/../../../../arm-elf/lib/interwork/libc.a(findfp.o)
 .glue_7        0x0000b4a0        0x0 /cygdrive/c/Embedded/GNUARM/bin/../lib/gcc/arm-elf/4.1.1/../../../../arm-elf/lib/interwork/libc.a(freer.o)
 .glue_7        0x0000b4a0        0x0 /cygdrive/c/Embedded/GNUARM/bin/../lib/gcc/arm-elf/4.1.1/../../../../arm-elf/lib/interwork/libc.a(fvwrite.o)
 .glue_7        0x0000b4a0        0x0 /cygdrive/c/Embedded/GNUARM/bin/../lib/gcc/arm-elf/4.1.1/../../../../arm-elf/lib/interwork/libc.a(fwalk.o)
 .glue_7        0x0000b4a0        0x0 /cygdrive/c/Embedded/GNUARM/bin/../lib/gcc/arm-elf/4.1.1/../../../../arm-elf/lib/interwork/libc.a(impure.o)
 .glue_7        0x0000b4a0        0x0 /cygdrive/c/Embedded/GNUARM/bin/../lib/gcc/arm-elf/4.1.1/../../../../arm-elf/lib/interwork/libc.a(locale.o)
 .glue_7        0x0000b4a0        0x0 /cygdrive/c/Embedded/GNUARM/bin/../lib/gcc/arm-elf/4.1.1/../../../../arm-elf/lib/interwork/libc.a(makebuf.o)
 .glue_7        0x0000b4a0        0x0 /cygdrive/c/Embedded/GNUARM/bin/../lib/gcc/arm-elf/4.1.1/../../../../arm-elf/lib/interwork/libc.a(mallocr.o)
 .glue_7        0x0000b4a0        0x0 /cygdrive/c/Embedded/GNUARM/bin/../lib/gcc/arm-elf/4.1.1/../../../../arm-elf/lib/interwork/libc.a(memchr.o)
 .glue_7        0x0000b4a0        0x0 /cygdrive/c/Embedded/GNUARM/bin/../lib/gcc/arm-elf/4.1.1/../../../../arm-elf/lib/interwork/libc.a(memmove.o)
 .glue_7        0x0000b4a0        0x0 /cygdrive/c/Embedded/GNUARM/bin/../lib/gcc/arm-elf/4.1.1/../../../../arm-elf/lib/interwork/libc.a(memset.o)
 .glue_7        0x0000b4a0        0x0 /cygdrive/c/Embedded/GNUARM/bin/../lib/gcc/arm-elf/4.1.1/../../../../arm-elf/lib/interwork/libc.a(mlock.o)
 .glue_7        0x0000b4a0        0x0 /cygdrive/c/Embedded/GNUARM/bin/../lib/gcc/arm-elf/4.1.1/../../../../arm-elf/lib/interwork/libc.a(mprec.o)
 .glue_7        0x0000b4a0        0x0 /cygdrive/c/Embedded/GNUARM/bin/../lib/gcc/arm-elf/4.1.1/../../../../arm-elf/lib/interwork/libc.a(reallocr.o)
 .glue_7        0x0000b4a0        0x0 /cygdrive/c/Embedded/GNUARM/bin/../lib/gcc/arm-elf/4.1.1/../../../../arm-elf/lib/interwork/libc.a(s_isinf.o)
 .glue_7        0x0000b4a0        0x0 /cygdrive/c/Embedded/GNUARM/bin/../lib/gcc/arm-elf/4.1.1/../../../../arm-elf/lib/interwork/libc.a(s_isnan.o)
 .glue_7        0x0000b4a0        0x0 /cygdrive/c/Embedded/GNUARM/bin/../lib/gcc/arm-elf/4.1.1/../../../../arm-elf/lib/interwork/libc.a(sbrkr.o)
 .glue_7        0x0000b4a0        0x0 /cygdrive/c/Embedded/GNUARM/bin/../lib/gcc/arm-elf/4.1.1/../../../../arm-elf/lib/interwork/libc.a(stdio.o)
 .glue_7        0x0000b4a0        0x0 /cygdrive/c/Embedded/GNUARM/bin/../lib/gcc/arm-elf/4.1.1/../../../../arm-elf/lib/interwork/libc.a(strcmp.o)
 .glue_7        0x0000b4a0        0x0 /cygdrive/c/Embedded/GNUARM/bin/../lib/gcc/arm-elf/4.1.1/../../../../arm-elf/lib/interwork/libc.a(syscalls.o)
 .glue_7        0x0000b4a0        0x0 /cygdrive/c/Embedded/GNUARM/bin/../lib/gcc/arm-elf/4.1.1/../../../../arm-elf/lib/interwork/libc.a(writer.o)
 .glue_7        0x0000b4a0        0x0 /cygdrive/c/Embedded/GNUARM/bin/../lib/gcc/arm-elf/4.1.1/../../../../arm-elf/lib/interwork/libc.a(callocr.o)
 .glue_7        0x0000b4a0        0x0 /cygdrive/c/Embedded/GNUARM/bin/../lib/gcc/arm-elf/4.1.1/../../../../arm-elf/lib/interwork/libc.a(closer.o)
 .glue_7        0x0000b4a0        0x0 /cygdrive/c/Embedded/GNUARM/bin/../lib/gcc/arm-elf/4.1.1/../../../../arm-elf/lib/interwork/libc.a(errno.o)
 .glue_7        0x0000b4a0        0x0 /cygdrive/c/Embedded/GNUARM/bin/../lib/gcc/arm-elf/4.1.1/../../../../arm-elf/lib/interwork/libc.a(fclose.o)
 .glue_7        0x0000b4a0        0x0 /cygdrive/c/Embedded/GNUARM/bin/../lib/gcc/arm-elf/4.1.1/../../../../arm-elf/lib/interwork/libc.a(fstatr.o)
 .glue_7        0x0000b4a0        0x0 /cygdrive/c/Embedded/GNUARM/bin/../lib/gcc/arm-elf/4.1.1/../../../../arm-elf/lib/interwork/libc.a(lseekr.o)
 .glue_7        0x0000b4a0        0x0 /cygdrive/c/Embedded/GNUARM/bin/../lib/gcc/arm-elf/4.1.1/../../../../arm-elf/lib/interwork/libc.a(readr.o)
 .glue_7        0x0000b4a0        0x0 /cygdrive/c/Embedded/GNUARM/bin/../lib/gcc/arm-elf/4.1.1/../../../../arm-elf/lib/interwork/libc.a(reent.o)
 .glue_7        0x0000b4a0        0x0 /cygdrive/c/Embedded/GNUARM/bin/../lib/gcc/arm-elf/4.1.1/interwork/libgcc.a(_addsubdf3.o)
 .glue_7        0x0000b4a0        0x0 /cygdrive/c/Embedded/GNUARM/bin/../lib/gcc/arm-elf/4.1.1/interwork/libgcc.a(_muldivdf3.o)
 .glue_7        0x0000b4a0        0x0 /cygdrive/c/Embedded/GNUARM/bin/../lib/gcc/arm-elf/4.1.1/interwork/libgcc.a(_cmpdf2.o)
 .glue_7        0x0000b4a0       0x18 /cygdrive/c/Embedded/GNUARM/bin/../lib/gcc/arm-elf/4.1.1/interwork/libgcc.a(_fixdfsi.o)
                0x0000b4ac                __osISRExit_from_arm
                0x0000b4a0                __osTick_from_arm
 *(.glue_7t)
 .glue_7t       0x0000b4b8        0x0 main.o
 .glue_7t       0x0000b4b8        0x0 RGB.o
 .glue_7t       0x0000b4b8        0x0 uart.o
 .glue_7t       0x0000b4b8        0x0 timer.o
 .glue_7t       0x0000b4b8        0x0 motor.o
 .glue_7t       0x0000b4b8        0x0 soundPlay.o
 .glue_7t       0x0000b4b8        0x0 printMatrix.o
 .glue_7t       0x0000b4b8        0x0 lcd.o
 .glue_7t       0x0000b4b8        0x0 texts.o
 .glue_7t       0x0000b4b8        0x0 gpio.o
 .glue_7t       0x0000b4b8        0x0 irq/irq_code.a(irq_timer1.o)
 .glue_7t       0x0000b4b8        0x0 irq/irq_code.a(irqUart.o)
 .glue_7t       0x0000b4b8        0x0 ../startup/libea_startup_thumb.a(consol.o)
 .glue_7t       0x0000b4b8        0x0 ../startup/libea_startup_thumb.a(framework.o)
 .glue_7t       0x0000b4b8        0x0 ../startup/libea_startup_thumb.a(startup.o)
 .glue_7t       0x0000b4b8        0x0 ../pre_emptive_os/pre_emptive_os.a(kernel.o)
 .glue_7t       0x0000b4b8        0x0 ../pre_emptive_os/pre_emptive_os.a(prioqueue.o)
 .glue_7t       0x0000b4b8        0x0 ../pre_emptive_os/pre_emptive_os.a(timer.o)
 .glue_7t       0x0000b4b8        0x0 ../pre_emptive_os/pre_emptive_os.a(stack_usage.o)
 .glue_7t       0x0000b4b8        0x0 ../pre_emptive_os/pre_emptive_os.a(a7hal.o)
 .glue_7t       0x0000b4b8        0x0 ../pre_emptive_os/pre_emptive_os.a(a7hal_a.o)
 .glue_7t       0x0000b4b8        0x0 ../pre_emptive_os/pre_emptive_os.a(count_sem.o)
 .glue_7t       0x0000b4b8        0x0 ../pre_emptive_os/pre_emptive_os.a(event.o)
 .glue_7t       0x0000b4b8        0x0 /cygdrive/c/Embedded/GNUARM/bin/../lib/gcc/arm-elf/4.1.1/interwork/libgcc.a(_udivsi3.o)
 .glue_7t       0x0000b4b8        0x0 /cygdrive/c/Embedded/GNUARM/bin/../lib/gcc/arm-elf/4.1.1/interwork/libgcc.a(_divsi3.o)
 .glue_7t       0x0000b4b8        0x0 /cygdrive/c/Embedded/GNUARM/bin/../lib/gcc/arm-elf/4.1.1/interwork/libgcc.a(_umodsi3.o)
 .glue_7t       0x0000b4b8        0x0 /cygdrive/c/Embedded/GNUARM/bin/../lib/gcc/arm-elf/4.1.1/interwork/libgcc.a(_modsi3.o)
 .glue_7t       0x0000b4b8        0x0 /cygdrive/c/Embedded/GNUARM/bin/../lib/gcc/arm-elf/4.1.1/interwork/libgcc.a(_dvmd_tls.o)
 .glue_7t       0x0000b4b8        0x0 /cygdrive/c/Embedded/GNUARM/bin/../lib/gcc/arm-elf/4.1.1/interwork/libgcc.a(_call_via_rX.o)
 .glue_7t       0x0000b4b8        0x0 /cygdrive/c/Embedded/GNUARM/bin/../lib/gcc/arm-elf/4.1.1/../../../../arm-elf/lib/interwork/libc.a(atoi.o)
 .glue_7t       0x0000b4b8        0x0 /cygdrive/c/Embedded/GNUARM/bin/../lib/gcc/arm-elf/4.1.1/../../../../arm-elf/lib/interwork/libc.a(memcmp.o)
 .glue_7t       0x0000b4b8        0x0 /cygdrive/c/Embedded/GNUARM/bin/../lib/gcc/arm-elf/4.1.1/../../../../arm-elf/lib/interwork/libc.a(memcpy.o)
 .glue_7t       0x0000b4b8        0x0 /cygdrive/c/Embedded/GNUARM/bin/../lib/gcc/arm-elf/4.1.1/../../../../arm-elf/lib/interwork/libc.a(rand.o)
 .glue_7t       0x0000b4b8        0x0 /cygdrive/c/Embedded/GNUARM/bin/../lib/gcc/arm-elf/4.1.1/../../../../arm-elf/lib/interwork/libc.a(snprintf.o)
 .glue_7t       0x0000b4b8        0x0 /cygdrive/c/Embedded/GNUARM/bin/../lib/gcc/arm-elf/4.1.1/../../../../arm-elf/lib/interwork/libc.a(strlen.o)
 .glue_7t       0x0000b4b8        0x0 /cygdrive/c/Embedded/GNUARM/bin/../lib/gcc/arm-elf/4.1.1/../../../../arm-elf/lib/interwork/libc.a(strtol.o)
 .glue_7t       0x0000b4b8        0x0 /cygdrive/c/Embedded/GNUARM/bin/../lib/gcc/arm-elf/4.1.1/../../../../arm-elf/lib/interwork/libc.a(vfprintf.o)
 .glue_7t       0x0000b4b8        0x0 /cygdrive/c/Embedded/GNUARM/bin/../lib/gcc/arm-elf/4.1.1/../../../../arm-elf/lib/interwork/libc.a(wcrtomb.o)
 .glue_7t       0x0000b4b8        0x0 /cygdrive/c/Embedded/GNUARM/bin/../lib/gcc/arm-elf/4.1.1/../../../../arm-elf/lib/interwork/libc.a(wcsrtombs.o)
 .glue_7t       0x0000b4b8        0x0 /cygdrive/c/Embedded/GNUARM/bin/../lib/gcc/arm-elf/4.1.1/../../../../arm-elf/lib/interwork/libc.a(wctomb_r.o)
 .glue_7t       0x0000b4b8        0x0 /cygdrive/c/Embedded/GNUARM/bin/../lib/gcc/arm-elf/4.1.1/../../../../arm-elf/lib/interwork/libc.a(wsetup.o)
 .glue_7t       0x0000b4b8        0x0 /cygdrive/c/Embedded/GNUARM/bin/../lib/gcc/arm-elf/4.1.1/../../../../arm-elf/lib/interwork/libc.a(ctype_.o)
 .glue_7t       0x0000b4b8        0x0 /cygdrive/c/Embedded/GNUARM/bin/../lib/gcc/arm-elf/4.1.1/../../../../arm-elf/lib/interwork/libc.a(dtoa.o)
 .glue_7t       0x0000b4b8        0x0 /cygdrive/c/Embedded/GNUARM/bin/../lib/gcc/arm-elf/4.1.1/../../../../arm-elf/lib/interwork/libc.a(fflush.o)
 .glue_7t       0x0000b4b8        0x0 /cygdrive/c/Embedded/GNUARM/bin/../lib/gcc/arm-elf/4.1.1/../../../../arm-elf/lib/interwork/libc.a(findfp.o)
 .glue_7t       0x0000b4b8        0x0 /cygdrive/c/Embedded/GNUARM/bin/../lib/gcc/arm-elf/4.1.1/../../../../arm-elf/lib/interwork/libc.a(freer.o)
 .glue_7t       0x0000b4b8        0x0 /cygdrive/c/Embedded/GNUARM/bin/../lib/gcc/arm-elf/4.1.1/../../../../arm-elf/lib/interwork/libc.a(fvwrite.o)
 .glue_7t       0x0000b4b8        0x0 /cygdrive/c/Embedded/GNUARM/bin/../lib/gcc/arm-elf/4.1.1/../../../../arm-elf/lib/interwork/libc.a(fwalk.o)
 .glue_7t       0x0000b4b8        0x0 /cygdrive/c/Embedded/GNUARM/bin/../lib/gcc/arm-elf/4.1.1/../../../../arm-elf/lib/interwork/libc.a(impure.o)
 .glue_7t       0x0000b4b8        0x0 /cygdrive/c/Embedded/GNUARM/bin/../lib/gcc/arm-elf/4.1.1/../../../../arm-elf/lib/interwork/libc.a(locale.o)
 .glue_7t       0x0000b4b8        0x0 /cygdrive/c/Embedded/GNUARM/bin/../lib/gcc/arm-elf/4.1.1/../../../../arm-elf/lib/interwork/libc.a(makebuf.o)
 .glue_7t       0x0000b4b8        0x0 /cygdrive/c/Embedded/GNUARM/bin/../lib/gcc/arm-elf/4.1.1/../../../../arm-elf/lib/interwork/libc.a(mallocr.o)
 .glue_7t       0x0000b4b8        0x0 /cygdrive/c/Embedded/GNUARM/bin/../lib/gcc/arm-elf/4.1.1/../../../../arm-elf/lib/interwork/libc.a(memchr.o)
 .glue_7t       0x0000b4b8        0x0 /cygdrive/c/Embedded/GNUARM/bin/../lib/gcc/arm-elf/4.1.1/../../../../arm-elf/lib/interwork/libc.a(memmove.o)
 .glue_7t       0x0000b4b8        0x0 /cygdrive/c/Embedded/GNUARM/bin/../lib/gcc/arm-elf/4.1.1/../../../../arm-elf/lib/interwork/libc.a(memset.o)
 .glue_7t       0x0000b4b8        0x0 /cygdrive/c/Embedded/GNUARM/bin/../lib/gcc/arm-elf/4.1.1/../../../../arm-elf/lib/interwork/libc.a(mlock.o)
 .glue_7t       0x0000b4b8        0x0 /cygdrive/c/Embedded/GNUARM/bin/../lib/gcc/arm-elf/4.1.1/../../../../arm-elf/lib/interwork/libc.a(mprec.o)
 .glue_7t       0x0000b4b8        0x0 /cygdrive/c/Embedded/GNUARM/bin/../lib/gcc/arm-elf/4.1.1/../../../../arm-elf/lib/interwork/libc.a(reallocr.o)
 .glue_7t       0x0000b4b8        0x0 /cygdrive/c/Embedded/GNUARM/bin/../lib/gcc/arm-elf/4.1.1/../../../../arm-elf/lib/interwork/libc.a(s_isinf.o)
 .glue_7t       0x0000b4b8        0x0 /cygdrive/c/Embedded/GNUARM/bin/../lib/gcc/arm-elf/4.1.1/../../../../arm-elf/lib/interwork/libc.a(s_isnan.o)
 .glue_7t       0x0000b4b8        0x0 /cygdrive/c/Embedded/GNUARM/bin/../lib/gcc/arm-elf/4.1.1/../../../../arm-elf/lib/interwork/libc.a(sbrkr.o)
 .glue_7t       0x0000b4b8        0x0 /cygdrive/c/Embedded/GNUARM/bin/../lib/gcc/arm-elf/4.1.1/../../../../arm-elf/lib/interwork/libc.a(stdio.o)
 .glue_7t       0x0000b4b8        0x0 /cygdrive/c/Embedded/GNUARM/bin/../lib/gcc/arm-elf/4.1.1/../../../../arm-elf/lib/interwork/libc.a(strcmp.o)
 .glue_7t       0x0000b4b8        0x0 /cygdrive/c/Embedded/GNUARM/bin/../lib/gcc/arm-elf/4.1.1/../../../../arm-elf/lib/interwork/libc.a(syscalls.o)
 .glue_7t       0x0000b4b8        0x0 /cygdrive/c/Embedded/GNUARM/bin/../lib/gcc/arm-elf/4.1.1/../../../../arm-elf/lib/interwork/libc.a(writer.o)
 .glue_7t       0x0000b4b8        0x0 /cygdrive/c/Embedded/GNUARM/bin/../lib/gcc/arm-elf/4.1.1/../../../../arm-elf/lib/interwork/libc.a(callocr.o)
 .glue_7t       0x0000b4b8        0x0 /cygdrive/c/Embedded/GNUARM/bin/../lib/gcc/arm-elf/4.1.1/../../../../arm-elf/lib/interwork/libc.a(closer.o)
 .glue_7t       0x0000b4b8        0x0 /cygdrive/c/Embedded/GNUARM/bin/../lib/gcc/arm-elf/4.1.1/../../../../arm-elf/lib/interwork/libc.a(errno.o)
 .glue_7t       0x0000b4b8        0x0 /cygdrive/c/Embedded/GNUARM/bin/../lib/gcc/arm-elf/4.1.1/../../../../arm-elf/lib/interwork/libc.a(fclose.o)
 .glue_7t       0x0000b4b8        0x0 /cygdrive/c/Embedded/GNUARM/bin/../lib/gcc/arm-elf/4.1.1/../../../../arm-elf/lib/interwork/libc.a(fstatr.o)
 .glue_7t       0x0000b4b8        0x0 /cygdrive/c/Embedded/GNUARM/bin/../lib/gcc/arm-elf/4.1.1/../../../../arm-elf/lib/interwork/libc.a(lseekr.o)
 .glue_7t       0x0000b4b8        0x0 /cygdrive/c/Embedded/GNUARM/bin/../lib/gcc/arm-elf/4.1.1/../../../../arm-elf/lib/interwork/libc.a(readr.o)
 .glue_7t       0x0000b4b8        0x0 /cygdrive/c/Embedded/GNUARM/bin/../lib/gcc/arm-elf/4.1.1/../../../../arm-elf/lib/interwork/libc.a(reent.o)
 .glue_7t       0x0000b4b8        0x0 /cygdrive/c/Embedded/GNUARM/bin/../lib/gcc/arm-elf/4.1.1/interwork/libgcc.a(_addsubdf3.o)
 .glue_7t       0x0000b4b8        0x0 /cygdrive/c/Embedded/GNUARM/bin/../lib/gcc/arm-elf/4.1.1/interwork/libgcc.a(_muldivdf3.o)
 .glue_7t       0x0000b4b8        0x0 /cygdrive/c/Embedded/GNUARM/bin/../lib/gcc/arm-elf/4.1.1/interwork/libgcc.a(_cmpdf2.o)
 .glue_7t       0x0000b4b8       0x98 /cygdrive/c/Embedded/GNUARM/bin/../lib/gcc/arm-elf/4.1.1/interwork/libgcc.a(_fixdfsi.o)
                0x0000b4ec                ____modsi3_change_to_arm
                0x0000b518                __halRestoreInterrupts_oshal_from_thumb
                0x0000b4fc                __restoreIrq_change_to_arm
                0x0000b500                __memcpy_from_thumb
                0x0000b528                __ctxSwitch_oshal_from_thumb
                0x0000b524                __stkFrameInit_oshal_change_to_arm
                0x0000b4c8                __srand_from_thumb
                0x0000b53c                __initTimer_oshal_change_to_arm
                0x0000b540                __startHighProc_oshal_from_thumb
                0x0000b4e8                ____modsi3_from_thumb
                0x0000b54c                ____udivsi3_change_to_arm
                0x0000b544                __startHighProc_oshal_change_to_arm
                0x0000b530                __ctxSwitchIsr_oshal_from_thumb
                0x0000b4f4                __disIrq_change_to_arm
                0x0000b4f0                __disIrq_from_thumb
                0x0000b51c                __halRestoreInterrupts_oshal_change_to_arm
                0x0000b4c4                __simplePrintf_change_to_arm
                0x0000b4cc                __srand_change_to_arm
                0x0000b4e0                ____divsi3_from_thumb
                0x0000b4dc                __snprintf_change_to_arm
                0x0000b52c                __ctxSwitch_oshal_change_to_arm
                0x0000b520                __stkFrameInit_oshal_from_thumb
                0x0000b548                ____udivsi3_from_thumb
                0x0000b4b8                __eaInit_from_thumb
                0x0000b4c0                __simplePrintf_from_thumb
                0x0000b538                __initTimer_oshal_from_thumb
                0x0000b4bc                __eaInit_change_to_arm
                0x0000b534                __ctxSwitchIsr_oshal_change_to_arm
                0x0000b4d0                __rand_from_thumb
                0x0000b508                __memcmp_from_thumb
                0x0000b50c                __memcmp_change_to_arm
                0x0000b514                __halDisableInterrupts_oshal_change_to_arm
                0x0000b510                __halDisableInterrupts_oshal_from_thumb
                0x0000b4d8                __snprintf_from_thumb
                0x0000b4f8                __restoreIrq_from_thumb
                0x0000b504                __memcpy_change_to_arm
                0x0000b4e4                ____divsi3_change_to_arm
                0x0000b4d4                __rand_change_to_arm
                0x0000b550                . = ALIGN (0x4)

.rodata         0x0000b550    0x17274
 *(.rodata)
 .rodata        0x0000b550       0x10 motor.o
 .rodata        0x0000b560    0x16424 soundPlay.o
                0x0001bbc4                winSound
                0x00015dfc                errorSoundSize
                0x00015e00                errorSound
                0x0001bbc0                winSoundSize
                0x0000b564                startupSound
                0x0000b560                startupSoundSize
 .rodata        0x00021984       0x40 printMatrix.o
                0x00021984                eaText
 .rodata        0x000219c4       0x14 gpio.o
 .rodata        0x000219d8       0x10 ../startup/libea_startup_thumb.a(consol.o)
 .rodata        0x000219e8       0x20 /cygdrive/c/Embedded/GNUARM/bin/../lib/gcc/arm-elf/4.1.1/../../../../arm-elf/lib/interwork/libc.a(vfprintf.o)
 .rodata        0x00021a08      0x101 /cygdrive/c/Embedded/GNUARM/bin/../lib/gcc/arm-elf/4.1.1/../../../../arm-elf/lib/interwork/libc.a(ctype_.o)
                0x00021a08                _ctype_
 *fill*         0x00021b09        0x3 00
 .rodata        0x00021b0c        0x4 /cygdrive/c/Embedded/GNUARM/bin/../lib/gcc/arm-elf/4.1.1/../../../../arm-elf/lib/interwork/libc.a(impure.o)
                0x00021b0c                _global_impure_ptr
 .rodata        0x00021b10       0x34 /cygdrive/c/Embedded/GNUARM/bin/../lib/gcc/arm-elf/4.1.1/../../../../arm-elf/lib/interwork/libc.a(locale.o)
 .rodata        0x00021b44      0x124 /cygdrive/c/Embedded/GNUARM/bin/../lib/gcc/arm-elf/4.1.1/../../../../arm-elf/lib/interwork/libc.a(mprec.o)
                0x00021c34                __mprec_tinytens
                0x00021b44                __mprec_tens
                0x00021c0c                __mprec_bigtens
 *(.rodata*)
 .rodata.str1.4
                0x00021c68      0x384 main.o
 .rodata.str1.4
                0x00021fec      0x655 texts.o
                                0x694 (size before relaxing)
 *fill*         0x00022641        0x3 00
 .rodata.str1.4
                0x00022644       0x18 ../startup/libea_startup_thumb.a(consol.o)
 .rodata.str1.4
                0x0002265c       0xd8 ../startup/libea_startup_thumb.a(framework.o)
 .rodata.str1.4
                0x00022734       0x4b /cygdrive/c/Embedded/GNUARM/bin/../lib/gcc/arm-elf/4.1.1/../../../../arm-elf/lib/interwork/libc.a(vfprintf.o)
                                 0x64 (size before relaxing)
 *fill*         0x0002277f        0x1 00
 .rodata.str1.4
                0x00022780       0x1e /cygdrive/c/Embedded/GNUARM/bin/../lib/gcc/arm-elf/4.1.1/../../../../arm-elf/lib/interwork/libc.a(wctomb_r.o)
                                 0x20 (size before relaxing)
 *fill*         0x0002279e        0x2 00
 .rodata.str1.4
                0x000227a0       0x10 /cygdrive/c/Embedded/GNUARM/bin/../lib/gcc/arm-elf/4.1.1/../../../../arm-elf/lib/interwork/libc.a(dtoa.o)
                                 0x14 (size before relaxing)
 .rodata.str1.4
                0x000227b0        0x2 /cygdrive/c/Embedded/GNUARM/bin/../lib/gcc/arm-elf/4.1.1/../../../../arm-elf/lib/interwork/libc.a(impure.o)
                                  0x4 (size before relaxing)
 *fill*         0x000227b2        0x2 00
 .rodata.str1.4
                0x000227b4        0xb /cygdrive/c/Embedded/GNUARM/bin/../lib/gcc/arm-elf/4.1.1/../../../../arm-elf/lib/interwork/libc.a(locale.o)
                                 0x18 (size before relaxing)
 *fill*         0x000227bf        0x1 00
 .rodata.str1.4
                0x000227c0        0x4 /cygdrive/c/Embedded/GNUARM/bin/../lib/gcc/arm-elf/4.1.1/../../../../arm-elf/lib/interwork/libc.a(syscalls.o)
                0x000227c4                . = ALIGN (0x4)
                0x000227c4                _etext = .
                0x000227c4                PROVIDE (etext, .)

.data           0x40000080      0x834 load address 0x000227c4
                0x40000080                _data = .
 *(.data)
 .data          0x40000080        0x8 main.o
                0x40000080                soundNumber
                0x40000084                ledPattern
 .data          0x40000088        0x0 RGB.o
 .data          0x40000088        0x0 uart.o
 .data          0x40000088        0x0 timer.o
 .data          0x40000088        0x0 motor.o
 .data          0x40000088        0x0 soundPlay.o
 .data          0x40000088        0x0 printMatrix.o
 .data          0x40000088        0x0 lcd.o
 .data          0x40000088        0x0 texts.o
 .data          0x40000088        0x0 gpio.o
 .data          0x40000088        0x4 irq/irq_code.a(irq_timer1.o)
 .data          0x4000008c        0x0 irq/irq_code.a(irqUart.o)
 .data          0x4000008c        0x0 ../startup/libea_startup_thumb.a(consol.o)
 .data          0x4000008c        0x0 ../startup/libea_startup_thumb.a(framework.o)
 .data          0x4000008c        0x0 ../startup/libea_startup_thumb.a(startup.o)
 .data          0x4000008c        0x0 ../pre_emptive_os/pre_emptive_os.a(kernel.o)
 .data          0x4000008c        0x0 ../pre_emptive_os/pre_emptive_os.a(prioqueue.o)
 .data          0x4000008c        0x0 ../pre_emptive_os/pre_emptive_os.a(timer.o)
 .data          0x4000008c        0x0 ../pre_emptive_os/pre_emptive_os.a(stack_usage.o)
 .data          0x4000008c        0x0 ../pre_emptive_os/pre_emptive_os.a(a7hal.o)
 .data          0x4000008c        0x0 ../pre_emptive_os/pre_emptive_os.a(a7hal_a.o)
 .data          0x4000008c        0x0 ../pre_emptive_os/pre_emptive_os.a(count_sem.o)
 .data          0x4000008c        0x0 ../pre_emptive_os/pre_emptive_os.a(event.o)
 .data          0x4000008c        0x0 /cygdrive/c/Embedded/GNUARM/bin/../lib/gcc/arm-elf/4.1.1/interwork/libgcc.a(_udivsi3.o)
 .data          0x4000008c        0x0 /cygdrive/c/Embedded/GNUARM/bin/../lib/gcc/arm-elf/4.1.1/interwork/libgcc.a(_divsi3.o)
 .data          0x4000008c        0x0 /cygdrive/c/Embedded/GNUARM/bin/../lib/gcc/arm-elf/4.1.1/interwork/libgcc.a(_umodsi3.o)
 .data          0x4000008c        0x0 /cygdrive/c/Embedded/GNUARM/bin/../lib/gcc/arm-elf/4.1.1/interwork/libgcc.a(_modsi3.o)
 .data          0x4000008c        0x0 /cygdrive/c/Embedded/GNUARM/bin/../lib/gcc/arm-elf/4.1.1/interwork/libgcc.a(_dvmd_tls.o)
 .data          0x4000008c        0x0 /cygdrive/c/Embedded/GNUARM/bin/../lib/gcc/arm-elf/4.1.1/interwork/libgcc.a(_call_via_rX.o)
 .data          0x4000008c        0x0 /cygdrive/c/Embedded/GNUARM/bin/../lib/gcc/arm-elf/4.1.1/../../../../arm-elf/lib/interwork/libc.a(atoi.o)
 .data          0x4000008c        0x0 /cygdrive/c/Embedded/GNUARM/bin/../lib/gcc/arm-elf/4.1.1/../../../../arm-elf/lib/interwork/libc.a(memcmp.o)
 .data          0x4000008c        0x0 /cygdrive/c/Embedded/GNUARM/bin/../lib/gcc/arm-elf/4.1.1/../../../../arm-elf/lib/interwork/libc.a(memcpy.o)
 .data          0x4000008c        0x0 /cygdrive/c/Embedded/GNUARM/bin/../lib/gcc/arm-elf/4.1.1/../../../../arm-elf/lib/interwork/libc.a(rand.o)
 .data          0x4000008c        0x0 /cygdrive/c/Embedded/GNUARM/bin/../lib/gcc/arm-elf/4.1.1/../../../../arm-elf/lib/interwork/libc.a(snprintf.o)
 .data          0x4000008c        0x0 /cygdrive/c/Embedded/GNUARM/bin/../lib/gcc/arm-elf/4.1.1/../../../../arm-elf/lib/interwork/libc.a(strlen.o)
 .data          0x4000008c        0x0 /cygdrive/c/Embedded/GNUARM/bin/../lib/gcc/arm-elf/4.1.1/../../../../arm-elf/lib/interwork/libc.a(strtol.o)
 .data          0x4000008c        0x0 /cygdrive/c/Embedded/GNUARM/bin/../lib/gcc/arm-elf/4.1.1/../../../../arm-elf/lib/interwork/libc.a(vfprintf.o)
 .data          0x4000008c        0x0 /cygdrive/c/Embedded/GNUARM/bin/../lib/gcc/arm-elf/4.1.1/../../../../arm-elf/lib/interwork/libc.a(wcrtomb.o)
 .data          0x4000008c        0x0 /cygdrive/c/Embedded/GNUARM/bin/../lib/gcc/arm-elf/4.1.1/../../../../arm-elf/lib/interwork/libc.a(wcsrtombs.o)
 .data          0x4000008c        0x0 /cygdrive/c/Embedded/GNUARM/bin/../lib/gcc/arm-elf/4.1.1/../../../../arm-elf/lib/interwork/libc.a(wctomb_r.o)
 .data          0x4000008c        0x0 /cygdrive/c/Embedded/GNUARM/bin/../lib/gcc/arm-elf/4.1.1/../../../../arm-elf/lib/interwork/libc.a(wsetup.o)
 .data          0x4000008c        0x4 /cygdrive/c/Embedded/GNUARM/bin/../lib/gcc/arm-elf/4.1.1/../../../../arm-elf/lib/interwork/libc.a(ctype_.o)
                0x4000008c                __ctype_ptr
 .data          0x40000090        0x0 /cygdrive/c/Embedded/GNUARM/bin/../lib/gcc/arm-elf/4.1.1/../../../../arm-elf/lib/interwork/libc.a(dtoa.o)
 .data          0x40000090        0x0 /cygdrive/c/Embedded/GNUARM/bin/../lib/gcc/arm-elf/4.1.1/../../../../arm-elf/lib/interwork/libc.a(fflush.o)
 .data          0x40000090        0x0 /cygdrive/c/Embedded/GNUARM/bin/../lib/gcc/arm-elf/4.1.1/../../../../arm-elf/lib/interwork/libc.a(findfp.o)
 .data          0x40000090        0x0 /cygdrive/c/Embedded/GNUARM/bin/../lib/gcc/arm-elf/4.1.1/../../../../arm-elf/lib/interwork/libc.a(freer.o)
 .data          0x40000090        0x0 /cygdrive/c/Embedded/GNUARM/bin/../lib/gcc/arm-elf/4.1.1/../../../../arm-elf/lib/interwork/libc.a(fvwrite.o)
 .data          0x40000090        0x0 /cygdrive/c/Embedded/GNUARM/bin/../lib/gcc/arm-elf/4.1.1/../../../../arm-elf/lib/interwork/libc.a(fwalk.o)
 .data          0x40000090      0x404 /cygdrive/c/Embedded/GNUARM/bin/../lib/gcc/arm-elf/4.1.1/../../../../arm-elf/lib/interwork/libc.a(impure.o)
                0x40000090                _impure_ptr
 .data          0x40000494       0x10 /cygdrive/c/Embedded/GNUARM/bin/../lib/gcc/arm-elf/4.1.1/../../../../arm-elf/lib/interwork/libc.a(locale.o)
                0x40000494                __mb_cur_max
                0x40000498                __lc_ctype
 .data          0x400004a4        0x0 /cygdrive/c/Embedded/GNUARM/bin/../lib/gcc/arm-elf/4.1.1/../../../../arm-elf/lib/interwork/libc.a(makebuf.o)
 .data          0x400004a4      0x410 /cygdrive/c/Embedded/GNUARM/bin/../lib/gcc/arm-elf/4.1.1/../../../../arm-elf/lib/interwork/libc.a(mallocr.o)
                0x400008b0                __malloc_sbrk_base
                0x400004a4                __malloc_av_
                0x400008ac                __malloc_trim_threshold
 .data          0x400008b4        0x0 /cygdrive/c/Embedded/GNUARM/bin/../lib/gcc/arm-elf/4.1.1/../../../../arm-elf/lib/interwork/libc.a(memchr.o)
 .data          0x400008b4        0x0 /cygdrive/c/Embedded/GNUARM/bin/../lib/gcc/arm-elf/4.1.1/../../../../arm-elf/lib/interwork/libc.a(memmove.o)
 .data          0x400008b4        0x0 /cygdrive/c/Embedded/GNUARM/bin/../lib/gcc/arm-elf/4.1.1/../../../../arm-elf/lib/interwork/libc.a(memset.o)
 .data          0x400008b4        0x0 /cygdrive/c/Embedded/GNUARM/bin/../lib/gcc/arm-elf/4.1.1/../../../../arm-elf/lib/interwork/libc.a(mlock.o)
 .data          0x400008b4        0x0 /cygdrive/c/Embedded/GNUARM/bin/../lib/gcc/arm-elf/4.1.1/../../../../arm-elf/lib/interwork/libc.a(mprec.o)
 .data          0x400008b4        0x0 /cygdrive/c/Embedded/GNUARM/bin/../lib/gcc/arm-elf/4.1.1/../../../../arm-elf/lib/interwork/libc.a(reallocr.o)
 .data          0x400008b4        0x0 /cygdrive/c/Embedded/GNUARM/bin/../lib/gcc/arm-elf/4.1.1/../../../../arm-elf/lib/interwork/libc.a(s_isinf.o)
 .data          0x400008b4        0x0 /cygdrive/c/Embedded/GNUARM/bin/../lib/gcc/arm-elf/4.1.1/../../../../arm-elf/lib/interwork/libc.a(s_isnan.o)
 .data          0x400008b4        0x0 /cygdrive/c/Embedded/GNUARM/bin/../lib/gcc/arm-elf/4.1.1/../../../../arm-elf/lib/interwork/libc.a(sbrkr.o)
 .data          0x400008b4        0x0 /cygdrive/c/Embedded/GNUARM/bin/../lib/gcc/arm-elf/4.1.1/../../../../arm-elf/lib/interwork/libc.a(stdio.o)
 .data          0x400008b4        0x0 /cygdrive/c/Embedded/GNUARM/bin/../lib/gcc/arm-elf/4.1.1/../../../../arm-elf/lib/interwork/libc.a(strcmp.o)
 .data          0x400008b4        0x0 /cygdrive/c/Embedded/GNUARM/bin/../lib/gcc/arm-elf/4.1.1/../../../../arm-elf/lib/interwork/libc.a(syscalls.o)
 .data          0x400008b4        0x0 /cygdrive/c/Embedded/GNUARM/bin/../lib/gcc/arm-elf/4.1.1/../../../../arm-elf/lib/interwork/libc.a(writer.o)
 .data          0x400008b4        0x0 /cygdrive/c/Embedded/GNUARM/bin/../lib/gcc/arm-elf/4.1.1/../../../../arm-elf/lib/interwork/libc.a(callocr.o)
 .data          0x400008b4        0x0 /cygdrive/c/Embedded/GNUARM/bin/../lib/gcc/arm-elf/4.1.1/../../../../arm-elf/lib/interwork/libc.a(closer.o)
 .data          0x400008b4        0x0 /cygdrive/c/Embedded/GNUARM/bin/../lib/gcc/arm-elf/4.1.1/../../../../arm-elf/lib/interwork/libc.a(errno.o)
 .data          0x400008b4        0x0 /cygdrive/c/Embedded/GNUARM/bin/../lib/gcc/arm-elf/4.1.1/../../../../arm-elf/lib/interwork/libc.a(fclose.o)
 .data          0x400008b4        0x0 /cygdrive/c/Embedded/GNUARM/bin/../lib/gcc/arm-elf/4.1.1/../../../../arm-elf/lib/interwork/libc.a(fstatr.o)
 .data          0x400008b4        0x0 /cygdrive/c/Embedded/GNUARM/bin/../lib/gcc/arm-elf/4.1.1/../../../../arm-elf/lib/interwork/libc.a(lseekr.o)
 .data          0x400008b4        0x0 /cygdrive/c/Embedded/GNUARM/bin/../lib/gcc/arm-elf/4.1.1/../../../../arm-elf/lib/interwork/libc.a(readr.o)
 .data          0x400008b4        0x0 /cygdrive/c/Embedded/GNUARM/bin/../lib/gcc/arm-elf/4.1.1/../../../../arm-elf/lib/interwork/libc.a(reent.o)
 .data          0x400008b4        0x0 /cygdrive/c/Embedded/GNUARM/bin/../lib/gcc/arm-elf/4.1.1/interwork/libgcc.a(_addsubdf3.o)
 .data          0x400008b4        0x0 /cygdrive/c/Embedded/GNUARM/bin/../lib/gcc/arm-elf/4.1.1/interwork/libgcc.a(_muldivdf3.o)
 .data          0x400008b4        0x0 /cygdrive/c/Embedded/GNUARM/bin/../lib/gcc/arm-elf/4.1.1/interwork/libgcc.a(_cmpdf2.o)
 .data          0x400008b4        0x0 /cygdrive/c/Embedded/GNUARM/bin/../lib/gcc/arm-elf/4.1.1/interwork/libgcc.a(_fixdfsi.o)
                0x400008b4                . = ALIGN (0x4)
                0x400008b4                _edata = .
                0x400008b4                PROVIDE (edata, .)

.bss            0x400008b4     0x27a4
                0x400008b4                _bss = .
                0x400008b4                __bss_start = .
                0x400008b4                __bss_start__ = .
 *(.bss)
 .bss           0x400008b4     0x219c main.o
                0x400008b8                motorplay
                0x400008b4                msClock
 .bss           0x40002a50        0x0 RGB.o
 .bss           0x40002a50       0x14 uart.o
                0x40002a58                uart1TxRunning
                0x40002a50                uart1TxHead
                0x40002a54                uart1TxTail
                0x40002a5c                uart1RxHead
                0x40002a60                uart1RxTail
 .bss           0x40002a64        0x4 timer.o
                0x40002a64                timer
 .bss           0x40002a68        0x1 motor.o
 .bss           0x40002a69        0x0 soundPlay.o
 .bss           0x40002a69        0x0 printMatrix.o
 .bss           0x40002a69        0x1 lcd.o
 .bss           0x40002a6a        0x0 texts.o
 .bss           0x40002a6a        0x5 gpio.o
                0x40002a6a                iopinTemp
 .bss           0x40002a6f        0x1 irq/irq_code.a(irq_timer1.o)
 .bss           0x40002a70        0x0 irq/irq_code.a(irqUart.o)
 .bss           0x40002a70        0x0 ../startup/libea_startup_thumb.a(consol.o)
 .bss           0x40002a70        0x0 ../startup/libea_startup_thumb.a(framework.o)
 .bss           0x40002a70        0x0 ../startup/libea_startup_thumb.a(startup.o)
 .bss           0x40002a70       0x2c ../pre_emptive_os/pre_emptive_os.a(kernel.o)
                0x40002a70                osLockNesting
                0x40002a74                pNxtToRun
                0x40002a78                pRunProc
                0x40002a71                isrNesting
 .bss           0x40002a9c        0x0 ../pre_emptive_os/pre_emptive_os.a(prioqueue.o)
 .bss           0x40002a9c      0x348 ../pre_emptive_os/pre_emptive_os.a(timer.o)
 .bss           0x40002de4        0x0 ../pre_emptive_os/pre_emptive_os.a(stack_usage.o)
 .bss           0x40002de4        0x0 ../pre_emptive_os/pre_emptive_os.a(a7hal.o)
 .bss           0x40002de4        0x0 ../pre_emptive_os/pre_emptive_os.a(a7hal_a.o)
 .bss           0x40002de4        0x0 ../pre_emptive_os/pre_emptive_os.a(count_sem.o)
 .bss           0x40002de4        0x0 ../pre_emptive_os/pre_emptive_os.a(event.o)
 .bss           0x40002de4        0x0 /cygdrive/c/Embedded/GNUARM/bin/../lib/gcc/arm-elf/4.1.1/interwork/libgcc.a(_udivsi3.o)
 .bss           0x40002de4        0x0 /cygdrive/c/Embedded/GNUARM/bin/../lib/gcc/arm-elf/4.1.1/interwork/libgcc.a(_divsi3.o)
 .bss           0x40002de4        0x0 /cygdrive/c/Embedded/GNUARM/bin/../lib/gcc/arm-elf/4.1.1/interwork/libgcc.a(_umodsi3.o)
 .bss           0x40002de4        0x0 /cygdrive/c/Embedded/GNUARM/bin/../lib/gcc/arm-elf/4.1.1/interwork/libgcc.a(_modsi3.o)
 .bss           0x40002de4        0x0 /cygdrive/c/Embedded/GNUARM/bin/../lib/gcc/arm-elf/4.1.1/interwork/libgcc.a(_dvmd_tls.o)
 .bss           0x40002de4        0x0 /cygdrive/c/Embedded/GNUARM/bin/../lib/gcc/arm-elf/4.1.1/interwork/libgcc.a(_call_via_rX.o)
 .bss           0x40002de4        0x0 /cygdrive/c/Embedded/GNUARM/bin/../lib/gcc/arm-elf/4.1.1/../../../../arm-elf/lib/interwork/libc.a(atoi.o)
 .bss           0x40002de4        0x0 /cygdrive/c/Embedded/GNUARM/bin/../lib/gcc/arm-elf/4.1.1/../../../../arm-elf/lib/interwork/libc.a(memcmp.o)
 .bss           0x40002de4        0x0 /cygdrive/c/Embedded/GNUARM/bin/../lib/gcc/arm-elf/4.1.1/../../../../arm-elf/lib/interwork/libc.a(memcpy.o)
 .bss           0x40002de4        0x0 /cygdrive/c/Embedded/GNUARM/bin/../lib/gcc/arm-elf/4.1.1/../../../../arm-elf/lib/interwork/libc.a(rand.o)
 .bss           0x40002de4        0x0 /cygdrive/c/Embedded/GNUARM/bin/../lib/gcc/arm-elf/4.1.1/../../../../arm-elf/lib/interwork/libc.a(snprintf.o)
 .bss           0x40002de4        0x0 /cygdrive/c/Embedded/GNUARM/bin/../lib/gcc/arm-elf/4.1.1/../../../../arm-elf/lib/interwork/libc.a(strlen.o)
 .bss           0x40002de4        0x0 /cygdrive/c/Embedded/GNUARM/bin/../lib/gcc/arm-elf/4.1.1/../../../../arm-elf/lib/interwork/libc.a(strtol.o)
 .bss           0x40002de4        0x0 /cygdrive/c/Embedded/GNUARM/bin/../lib/gcc/arm-elf/4.1.1/../../../../arm-elf/lib/interwork/libc.a(vfprintf.o)
 .bss           0x40002de4        0x0 /cygdrive/c/Embedded/GNUARM/bin/../lib/gcc/arm-elf/4.1.1/../../../../arm-elf/lib/interwork/libc.a(wcrtomb.o)
 .bss           0x40002de4        0x0 /cygdrive/c/Embedded/GNUARM/bin/../lib/gcc/arm-elf/4.1.1/../../../../arm-elf/lib/interwork/libc.a(wcsrtombs.o)
 .bss           0x40002de4        0x0 /cygdrive/c/Embedded/GNUARM/bin/../lib/gcc/arm-elf/4.1.1/../../../../arm-elf/lib/interwork/libc.a(wctomb_r.o)
 .bss           0x40002de4        0x0 /cygdrive/c/Embedded/GNUARM/bin/../lib/gcc/arm-elf/4.1.1/../../../../arm-elf/lib/interwork/libc.a(wsetup.o)
 .bss           0x40002de4        0x0 /cygdrive/c/Embedded/GNUARM/bin/../lib/gcc/arm-elf/4.1.1/../../../../arm-elf/lib/interwork/libc.a(ctype_.o)
 .bss           0x40002de4        0x0 /cygdrive/c/Embedded/GNUARM/bin/../lib/gcc/arm-elf/4.1.1/../../../../arm-elf/lib/interwork/libc.a(dtoa.o)
 .bss           0x40002de4        0x0 /cygdrive/c/Embedded/GNUARM/bin/../lib/gcc/arm-elf/4.1.1/../../../../arm-elf/lib/interwork/libc.a(fflush.o)
 .bss           0x40002de4        0x0 /cygdrive/c/Embedded/GNUARM/bin/../lib/gcc/arm-elf/4.1.1/../../../../arm-elf/lib/interwork/libc.a(findfp.o)
 .bss           0x40002de4        0x0 /cygdrive/c/Embedded/GNUARM/bin/../lib/gcc/arm-elf/4.1.1/../../../../arm-elf/lib/interwork/libc.a(freer.o)
 .bss           0x40002de4        0x0 /cygdrive/c/Embedded/GNUARM/bin/../lib/gcc/arm-elf/4.1.1/../../../../arm-elf/lib/interwork/libc.a(fvwrite.o)
 .bss           0x40002de4        0x0 /cygdrive/c/Embedded/GNUARM/bin/../lib/gcc/arm-elf/4.1.1/../../../../arm-elf/lib/interwork/libc.a(fwalk.o)
 .bss           0x40002de4        0x0 /cygdrive/c/Embedded/GNUARM/bin/../lib/gcc/arm-elf/4.1.1/../../../../arm-elf/lib/interwork/libc.a(impure.o)
 .bss           0x40002de4        0xc /cygdrive/c/Embedded/GNUARM/bin/../lib/gcc/arm-elf/4.1.1/../../../../arm-elf/lib/interwork/libc.a(locale.o)
                0x40002de4                __nlocale_changed
                0x40002de8                __mlocale_changed
                0x40002dec                _PathLocale
 .bss           0x40002df0        0x0 /cygdrive/c/Embedded/GNUARM/bin/../lib/gcc/arm-elf/4.1.1/../../../../arm-elf/lib/interwork/libc.a(makebuf.o)
 .bss           0x40002df0       0x34 /cygdrive/c/Embedded/GNUARM/bin/../lib/gcc/arm-elf/4.1.1/../../../../arm-elf/lib/interwork/libc.a(mallocr.o)
                0x40002df0                __malloc_top_pad
                0x40002df4                __malloc_max_sbrked_mem
                0x40002dfc                __malloc_current_mallinfo
                0x40002df8                __malloc_max_total_mem
 .bss           0x40002e24        0x0 /cygdrive/c/Embedded/GNUARM/bin/../lib/gcc/arm-elf/4.1.1/../../../../arm-elf/lib/interwork/libc.a(memchr.o)
 .bss           0x40002e24        0x0 /cygdrive/c/Embedded/GNUARM/bin/../lib/gcc/arm-elf/4.1.1/../../../../arm-elf/lib/interwork/libc.a(memmove.o)
 .bss           0x40002e24        0x0 /cygdrive/c/Embedded/GNUARM/bin/../lib/gcc/arm-elf/4.1.1/../../../../arm-elf/lib/interwork/libc.a(memset.o)
 .bss           0x40002e24        0x0 /cygdrive/c/Embedded/GNUARM/bin/../lib/gcc/arm-elf/4.1.1/../../../../arm-elf/lib/interwork/libc.a(mlock.o)
 .bss           0x40002e24        0x0 /cygdrive/c/Embedded/GNUARM/bin/../lib/gcc/arm-elf/4.1.1/../../../../arm-elf/lib/interwork/libc.a(mprec.o)
 .bss           0x40002e24        0x0 /cygdrive/c/Embedded/GNUARM/bin/../lib/gcc/arm-elf/4.1.1/../../../../arm-elf/lib/interwork/libc.a(reallocr.o)
 .bss           0x40002e24        0x0 /cygdrive/c/Embedded/GNUARM/bin/../lib/gcc/arm-elf/4.1.1/../../../../arm-elf/lib/interwork/libc.a(s_isinf.o)
 .bss           0x40002e24        0x0 /cygdrive/c/Embedded/GNUARM/bin/../lib/gcc/arm-elf/4.1.1/../../../../arm-elf/lib/interwork/libc.a(s_isnan.o)
 .bss           0x40002e24        0x0 /cygdrive/c/Embedded/GNUARM/bin/../lib/gcc/arm-elf/4.1.1/../../../../arm-elf/lib/interwork/libc.a(sbrkr.o)
 .bss           0x40002e24        0x0 /cygdrive/c/Embedded/GNUARM/bin/../lib/gcc/arm-elf/4.1.1/../../../../arm-elf/lib/interwork/libc.a(stdio.o)
 .bss           0x40002e24        0x0 /cygdrive/c/Embedded/GNUARM/bin/../lib/gcc/arm-elf/4.1.1/../../../../arm-elf/lib/interwork/libc.a(strcmp.o)
 .bss           0x40002e24       0xb0 /cygdrive/c/Embedded/GNUARM/bin/../lib/gcc/arm-elf/4.1.1/../../../../arm-elf/lib/interwork/libc.a(syscalls.o)
 .bss           0x40002ed4        0x0 /cygdrive/c/Embedded/GNUARM/bin/../lib/gcc/arm-elf/4.1.1/../../../../arm-elf/lib/interwork/libc.a(writer.o)
 .bss           0x40002ed4        0x0 /cygdrive/c/Embedded/GNUARM/bin/../lib/gcc/arm-elf/4.1.1/../../../../arm-elf/lib/interwork/libc.a(callocr.o)
 .bss           0x40002ed4        0x0 /cygdrive/c/Embedded/GNUARM/bin/../lib/gcc/arm-elf/4.1.1/../../../../arm-elf/lib/interwork/libc.a(closer.o)
 .bss           0x40002ed4        0x0 /cygdrive/c/Embedded/GNUARM/bin/../lib/gcc/arm-elf/4.1.1/../../../../arm-elf/lib/interwork/libc.a(errno.o)
 .bss           0x40002ed4        0x0 /cygdrive/c/Embedded/GNUARM/bin/../lib/gcc/arm-elf/4.1.1/../../../../arm-elf/lib/interwork/libc.a(fclose.o)
 .bss           0x40002ed4        0x0 /cygdrive/c/Embedded/GNUARM/bin/../lib/gcc/arm-elf/4.1.1/../../../../arm-elf/lib/interwork/libc.a(fstatr.o)
 .bss           0x40002ed4        0x0 /cygdrive/c/Embedded/GNUARM/bin/../lib/gcc/arm-elf/4.1.1/../../../../arm-elf/lib/interwork/libc.a(lseekr.o)
 .bss           0x40002ed4        0x0 /cygdrive/c/Embedded/GNUARM/bin/../lib/gcc/arm-elf/4.1.1/../../../../arm-elf/lib/interwork/libc.a(readr.o)
 .bss           0x40002ed4        0x0 /cygdrive/c/Embedded/GNUARM/bin/../lib/gcc/arm-elf/4.1.1/../../../../arm-elf/lib/interwork/libc.a(reent.o)
 .bss           0x40002ed4        0x0 /cygdrive/c/Embedded/GNUARM/bin/../lib/gcc/arm-elf/4.1.1/interwork/libgcc.a(_addsubdf3.o)
 .bss           0x40002ed4        0x0 /cygdrive/c/Embedded/GNUARM/bin/../lib/gcc/arm-elf/4.1.1/interwork/libgcc.a(_muldivdf3.o)
 .bss           0x40002ed4        0x0 /cygdrive/c/Embedded/GNUARM/bin/../lib/gcc/arm-elf/4.1.1/interwork/libgcc.a(_cmpdf2.o)
 .bss           0x40002ed4        0x0 /cygdrive/c/Embedded/GNUARM/bin/../lib/gcc/arm-elf/4.1.1/interwork/libgcc.a(_fixdfsi.o)
 *(COMMON)
 COMMON         0x40002ed4       0x80 uart.o
                0x40002ed4                uart1RxBuf
                0x40002f14                uart1TxBuf
 COMMON         0x40002f54        0x8 printMatrix.o
                0x40002f54                pattern
 COMMON         0x40002f5c        0x8 ../startup/libea_startup_thumb.a(framework.o)
                0x40002f5c                pHeapEnd
                0x40002f60                pHeapStart
 COMMON         0x40002f64       0xf0 ../pre_emptive_os/pre_emptive_os.a(kernel.o)
                0x40002f64                processControlBlocks
 COMMON         0x40003054        0x4 /cygdrive/c/Embedded/GNUARM/bin/../lib/gcc/arm-elf/4.1.1/../../../../arm-elf/lib/interwork/libc.a(reent.o)
                0x40003054                errno
                0x40003058                . = ALIGN (0x4)
                0x40003058                . = ALIGN (0x4)
                0x40003058                __bss_end = .
                0x40003058                __bss_end__ = .
                0x40003058                _end = .
                0x40003058                PROVIDE (end, .)

.stab           0x00000000      0x600
 *(.stab)
 .stab          0x00000000      0x3c0 ../startup/libea_startup_thumb.a(startup.o)
 .stab          0x000003c0      0x240 ../pre_emptive_os/pre_emptive_os.a(a7hal_a.o)
                                0x24c (size before relaxing)

.stabstr        0x00000000       0x9b
 *(.stabstr)
 .stabstr       0x00000000       0x9b ../startup/libea_startup_thumb.a(startup.o)

.stab.excl
 *(.stab.excl)

.stab.exclstr
 *(.stab.exclstr)

.stab.index
 *(.stab.index)

.stab.indexstr
 *(.stab.indexstr)

.comment        0x00000000      0x492
 *(.comment)
 .comment       0x00000000       0x12 main.o
 .comment       0x00000012       0x12 RGB.o
 .comment       0x00000024       0x12 uart.o
 .comment       0x00000036       0x12 timer.o
 .comment       0x00000048       0x12 motor.o
 .comment       0x0000005a       0x12 soundPlay.o
 .comment       0x0000006c       0x12 printMatrix.o
 .comment       0x0000007e       0x12 lcd.o
 .comment       0x00000090       0x12 texts.o
 .comment       0x000000a2       0x12 gpio.o
 .comment       0x000000b4       0x12 irq/irq_code.a(irq_timer1.o)
 .comment       0x000000c6       0x12 irq/irq_code.a(irqUart.o)
 .comment       0x000000d8       0x12 ../startup/libea_startup_thumb.a(consol.o)
 .comment       0x000000ea       0x12 ../startup/libea_startup_thumb.a(framework.o)
 .comment       0x000000fc       0x12 ../pre_emptive_os/pre_emptive_os.a(kernel.o)
 .comment       0x0000010e       0x12 ../pre_emptive_os/pre_emptive_os.a(prioqueue.o)
 .comment       0x00000120       0x12 ../pre_emptive_os/pre_emptive_os.a(timer.o)
 .comment       0x00000132       0x12 ../pre_emptive_os/pre_emptive_os.a(stack_usage.o)
 .comment       0x00000144       0x12 ../pre_emptive_os/pre_emptive_os.a(a7hal.o)
 .comment       0x00000156       0x12 ../pre_emptive_os/pre_emptive_os.a(count_sem.o)
 .comment       0x00000168       0x12 ../pre_emptive_os/pre_emptive_os.a(event.o)
 .comment       0x0000017a       0x12 /cygdrive/c/Embedded/GNUARM/bin/../lib/gcc/arm-elf/4.1.1/../../../../arm-elf/lib/interwork/libc.a(atoi.o)
 .comment       0x0000018c       0x12 /cygdrive/c/Embedded/GNUARM/bin/../lib/gcc/arm-elf/4.1.1/../../../../arm-elf/lib/interwork/libc.a(memcmp.o)
 .comment       0x0000019e       0x12 /cygdrive/c/Embedded/GNUARM/bin/../lib/gcc/arm-elf/4.1.1/../../../../arm-elf/lib/interwork/libc.a(memcpy.o)
 .comment       0x000001b0       0x12 /cygdrive/c/Embedded/GNUARM/bin/../lib/gcc/arm-elf/4.1.1/../../../../arm-elf/lib/interwork/libc.a(rand.o)
 .comment       0x000001c2       0x12 /cygdrive/c/Embedded/GNUARM/bin/../lib/gcc/arm-elf/4.1.1/../../../../arm-elf/lib/interwork/libc.a(snprintf.o)
 .comment       0x000001d4       0x12 /cygdrive/c/Embedded/GNUARM/bin/../lib/gcc/arm-elf/4.1.1/../../../../arm-elf/lib/interwork/libc.a(strlen.o)
 .comment       0x000001e6       0x12 /cygdrive/c/Embedded/GNUARM/bin/../lib/gcc/arm-elf/4.1.1/../../../../arm-elf/lib/interwork/libc.a(strtol.o)
 .comment       0x000001f8       0x12 /cygdrive/c/Embedded/GNUARM/bin/../lib/gcc/arm-elf/4.1.1/../../../../arm-elf/lib/interwork/libc.a(vfprintf.o)
 .comment       0x0000020a       0x12 /cygdrive/c/Embedded/GNUARM/bin/../lib/gcc/arm-elf/4.1.1/../../../../arm-elf/lib/interwork/libc.a(wcrtomb.o)
 .comment       0x0000021c       0x12 /cygdrive/c/Embedded/GNUARM/bin/../lib/gcc/arm-elf/4.1.1/../../../../arm-elf/lib/interwork/libc.a(wcsrtombs.o)
 .comment       0x0000022e       0x12 /cygdrive/c/Embedded/GNUARM/bin/../lib/gcc/arm-elf/4.1.1/../../../../arm-elf/lib/interwork/libc.a(wctomb_r.o)
 .comment       0x00000240       0x12 /cygdrive/c/Embedded/GNUARM/bin/../lib/gcc/arm-elf/4.1.1/../../../../arm-elf/lib/interwork/libc.a(wsetup.o)
 .comment       0x00000252       0x12 /cygdrive/c/Embedded/GNUARM/bin/../lib/gcc/arm-elf/4.1.1/../../../../arm-elf/lib/interwork/libc.a(ctype_.o)
 .comment       0x00000264       0x12 /cygdrive/c/Embedded/GNUARM/bin/../lib/gcc/arm-elf/4.1.1/../../../../arm-elf/lib/interwork/libc.a(dtoa.o)
 .comment       0x00000276       0x12 /cygdrive/c/Embedded/GNUARM/bin/../lib/gcc/arm-elf/4.1.1/../../../../arm-elf/lib/interwork/libc.a(fflush.o)
 .comment       0x00000288       0x12 /cygdrive/c/Embedded/GNUARM/bin/../lib/gcc/arm-elf/4.1.1/../../../../arm-elf/lib/interwork/libc.a(findfp.o)
 .comment       0x0000029a       0x12 /cygdrive/c/Embedded/GNUARM/bin/../lib/gcc/arm-elf/4.1.1/../../../../arm-elf/lib/interwork/libc.a(freer.o)
 .comment       0x000002ac       0x12 /cygdrive/c/Embedded/GNUARM/bin/../lib/gcc/arm-elf/4.1.1/../../../../arm-elf/lib/interwork/libc.a(fvwrite.o)
 .comment       0x000002be       0x12 /cygdrive/c/Embedded/GNUARM/bin/../lib/gcc/arm-elf/4.1.1/../../../../arm-elf/lib/interwork/libc.a(fwalk.o)
 .comment       0x000002d0       0x12 /cygdrive/c/Embedded/GNUARM/bin/../lib/gcc/arm-elf/4.1.1/../../../../arm-elf/lib/interwork/libc.a(impure.o)
 .comment       0x000002e2       0x12 /cygdrive/c/Embedded/GNUARM/bin/../lib/gcc/arm-elf/4.1.1/../../../../arm-elf/lib/interwork/libc.a(locale.o)
 .comment       0x000002f4       0x12 /cygdrive/c/Embedded/GNUARM/bin/../lib/gcc/arm-elf/4.1.1/../../../../arm-elf/lib/interwork/libc.a(makebuf.o)
 .comment       0x00000306       0x12 /cygdrive/c/Embedded/GNUARM/bin/../lib/gcc/arm-elf/4.1.1/../../../../arm-elf/lib/interwork/libc.a(mallocr.o)
 .comment       0x00000318       0x12 /cygdrive/c/Embedded/GNUARM/bin/../lib/gcc/arm-elf/4.1.1/../../../../arm-elf/lib/interwork/libc.a(memchr.o)
 .comment       0x0000032a       0x12 /cygdrive/c/Embedded/GNUARM/bin/../lib/gcc/arm-elf/4.1.1/../../../../arm-elf/lib/interwork/libc.a(memmove.o)
 .comment       0x0000033c       0x12 /cygdrive/c/Embedded/GNUARM/bin/../lib/gcc/arm-elf/4.1.1/../../../../arm-elf/lib/interwork/libc.a(memset.o)
 .comment       0x0000034e       0x12 /cygdrive/c/Embedded/GNUARM/bin/../lib/gcc/arm-elf/4.1.1/../../../../arm-elf/lib/interwork/libc.a(mlock.o)
 .comment       0x00000360       0x12 /cygdrive/c/Embedded/GNUARM/bin/../lib/gcc/arm-elf/4.1.1/../../../../arm-elf/lib/interwork/libc.a(mprec.o)
 .comment       0x00000372       0x12 /cygdrive/c/Embedded/GNUARM/bin/../lib/gcc/arm-elf/4.1.1/../../../../arm-elf/lib/interwork/libc.a(reallocr.o)
 .comment       0x00000384       0x12 /cygdrive/c/Embedded/GNUARM/bin/../lib/gcc/arm-elf/4.1.1/../../../../arm-elf/lib/interwork/libc.a(s_isinf.o)
 .comment       0x00000396       0x12 /cygdrive/c/Embedded/GNUARM/bin/../lib/gcc/arm-elf/4.1.1/../../../../arm-elf/lib/interwork/libc.a(s_isnan.o)
 .comment       0x000003a8       0x12 /cygdrive/c/Embedded/GNUARM/bin/../lib/gcc/arm-elf/4.1.1/../../../../arm-elf/lib/interwork/libc.a(sbrkr.o)
 .comment       0x000003ba       0x12 /cygdrive/c/Embedded/GNUARM/bin/../lib/gcc/arm-elf/4.1.1/../../../../arm-elf/lib/interwork/libc.a(stdio.o)
 .comment       0x000003cc       0x12 /cygdrive/c/Embedded/GNUARM/bin/../lib/gcc/arm-elf/4.1.1/../../../../arm-elf/lib/interwork/libc.a(strcmp.o)
 .comment       0x000003de       0x12 /cygdrive/c/Embedded/GNUARM/bin/../lib/gcc/arm-elf/4.1.1/../../../../arm-elf/lib/interwork/libc.a(syscalls.o)
 .comment       0x000003f0       0x12 /cygdrive/c/Embedded/GNUARM/bin/../lib/gcc/arm-elf/4.1.1/../../../../arm-elf/lib/interwork/libc.a(writer.o)
 .comment       0x00000402       0x12 /cygdrive/c/Embedded/GNUARM/bin/../lib/gcc/arm-elf/4.1.1/../../../../arm-elf/lib/interwork/libc.a(callocr.o)
 .comment       0x00000414       0x12 /cygdrive/c/Embedded/GNUARM/bin/../lib/gcc/arm-elf/4.1.1/../../../../arm-elf/lib/interwork/libc.a(closer.o)
 .comment       0x00000426       0x12 /cygdrive/c/Embedded/GNUARM/bin/../lib/gcc/arm-elf/4.1.1/../../../../arm-elf/lib/interwork/libc.a(errno.o)
 .comment       0x00000438       0x12 /cygdrive/c/Embedded/GNUARM/bin/../lib/gcc/arm-elf/4.1.1/../../../../arm-elf/lib/interwork/libc.a(fclose.o)
 .comment       0x0000044a       0x12 /cygdrive/c/Embedded/GNUARM/bin/../lib/gcc/arm-elf/4.1.1/../../../../arm-elf/lib/interwork/libc.a(fstatr.o)
 .comment       0x0000045c       0x12 /cygdrive/c/Embedded/GNUARM/bin/../lib/gcc/arm-elf/4.1.1/../../../../arm-elf/lib/interwork/libc.a(lseekr.o)
 .comment       0x0000046e       0x12 /cygdrive/c/Embedded/GNUARM/bin/../lib/gcc/arm-elf/4.1.1/../../../../arm-elf/lib/interwork/libc.a(readr.o)
 .comment       0x00000480       0x12 /cygdrive/c/Embedded/GNUARM/bin/../lib/gcc/arm-elf/4.1.1/../../../../arm-elf/lib/interwork/libc.a(reent.o)

.debug
 *(.debug)

.line
 *(.line)

.debug_srcinfo
 *(.debug_srcinfo)

.debug_sfnames
 *(.debug_sfnames)

.debug_aranges  0x00000000      0x920
 *(.debug_aranges)
 .debug_aranges
                0x00000000       0x20 main.o
 .debug_aranges
                0x00000020       0x20 RGB.o
 .debug_aranges
                0x00000040       0x20 uart.o
 .debug_aranges
                0x00000060       0x20 timer.o
 .debug_aranges
                0x00000080       0x20 motor.o
 .debug_aranges
                0x000000a0       0x20 soundPlay.o
 .debug_aranges
                0x000000c0       0x20 printMatrix.o
 .debug_aranges
                0x000000e0       0x20 lcd.o
 .debug_aranges
                0x00000100       0x20 texts.o
 .debug_aranges
                0x00000120       0x20 gpio.o
 .debug_aranges
                0x00000140       0x20 irq/irq_code.a(irq_timer1.o)
 .debug_aranges
                0x00000160       0x20 irq/irq_code.a(irqUart.o)
 .debug_aranges
                0x00000180       0x20 ../startup/libea_startup_thumb.a(consol.o)
 .debug_aranges
                0x000001a0       0x20 ../startup/libea_startup_thumb.a(framework.o)
 .debug_aranges
                0x000001c0       0x20 ../pre_emptive_os/pre_emptive_os.a(kernel.o)
 .debug_aranges
                0x000001e0       0x20 ../pre_emptive_os/pre_emptive_os.a(prioqueue.o)
 .debug_aranges
                0x00000200       0x20 ../pre_emptive_os/pre_emptive_os.a(timer.o)
 .debug_aranges
                0x00000220       0x20 ../pre_emptive_os/pre_emptive_os.a(stack_usage.o)
 .debug_aranges
                0x00000240       0x20 ../pre_emptive_os/pre_emptive_os.a(a7hal.o)
 .debug_aranges
                0x00000260       0x20 ../pre_emptive_os/pre_emptive_os.a(count_sem.o)
 .debug_aranges
                0x00000280       0x20 ../pre_emptive_os/pre_emptive_os.a(event.o)
 .debug_aranges
                0x000002a0       0x20 /cygdrive/c/Embedded/GNUARM/bin/../lib/gcc/arm-elf/4.1.1/interwork/libgcc.a(_udivsi3.o)
 .debug_aranges
                0x000002c0       0x20 /cygdrive/c/Embedded/GNUARM/bin/../lib/gcc/arm-elf/4.1.1/interwork/libgcc.a(_divsi3.o)
 .debug_aranges
                0x000002e0       0x20 /cygdrive/c/Embedded/GNUARM/bin/../lib/gcc/arm-elf/4.1.1/interwork/libgcc.a(_umodsi3.o)
 .debug_aranges
                0x00000300       0x20 /cygdrive/c/Embedded/GNUARM/bin/../lib/gcc/arm-elf/4.1.1/interwork/libgcc.a(_modsi3.o)
 .debug_aranges
                0x00000320       0x20 /cygdrive/c/Embedded/GNUARM/bin/../lib/gcc/arm-elf/4.1.1/interwork/libgcc.a(_dvmd_tls.o)
 .debug_aranges
                0x00000340       0x20 /cygdrive/c/Embedded/GNUARM/bin/../lib/gcc/arm-elf/4.1.1/interwork/libgcc.a(_call_via_rX.o)
 .debug_aranges
                0x00000360       0x20 /cygdrive/c/Embedded/GNUARM/bin/../lib/gcc/arm-elf/4.1.1/../../../../arm-elf/lib/interwork/libc.a(atoi.o)
 .debug_aranges
                0x00000380       0x20 /cygdrive/c/Embedded/GNUARM/bin/../lib/gcc/arm-elf/4.1.1/../../../../arm-elf/lib/interwork/libc.a(memcmp.o)
 .debug_aranges
                0x000003a0       0x20 /cygdrive/c/Embedded/GNUARM/bin/../lib/gcc/arm-elf/4.1.1/../../../../arm-elf/lib/interwork/libc.a(memcpy.o)
 .debug_aranges
                0x000003c0       0x20 /cygdrive/c/Embedded/GNUARM/bin/../lib/gcc/arm-elf/4.1.1/../../../../arm-elf/lib/interwork/libc.a(rand.o)
 .debug_aranges
                0x000003e0       0x20 /cygdrive/c/Embedded/GNUARM/bin/../lib/gcc/arm-elf/4.1.1/../../../../arm-elf/lib/interwork/libc.a(snprintf.o)
 .debug_aranges
                0x00000400       0x20 /cygdrive/c/Embedded/GNUARM/bin/../lib/gcc/arm-elf/4.1.1/../../../../arm-elf/lib/interwork/libc.a(strlen.o)
 .debug_aranges
                0x00000420       0x20 /cygdrive/c/Embedded/GNUARM/bin/../lib/gcc/arm-elf/4.1.1/../../../../arm-elf/lib/interwork/libc.a(strtol.o)
 .debug_aranges
                0x00000440       0x20 /cygdrive/c/Embedded/GNUARM/bin/../lib/gcc/arm-elf/4.1.1/../../../../arm-elf/lib/interwork/libc.a(vfprintf.o)
 .debug_aranges
                0x00000460       0x20 /cygdrive/c/Embedded/GNUARM/bin/../lib/gcc/arm-elf/4.1.1/../../../../arm-elf/lib/interwork/libc.a(wcrtomb.o)
 .debug_aranges
                0x00000480       0x20 /cygdrive/c/Embedded/GNUARM/bin/../lib/gcc/arm-elf/4.1.1/../../../../arm-elf/lib/interwork/libc.a(wcsrtombs.o)
 .debug_aranges
                0x000004a0       0x20 /cygdrive/c/Embedded/GNUARM/bin/../lib/gcc/arm-elf/4.1.1/../../../../arm-elf/lib/interwork/libc.a(wctomb_r.o)
 .debug_aranges
                0x000004c0       0x20 /cygdrive/c/Embedded/GNUARM/bin/../lib/gcc/arm-elf/4.1.1/../../../../arm-elf/lib/interwork/libc.a(wsetup.o)
 .debug_aranges
                0x000004e0       0x20 /cygdrive/c/Embedded/GNUARM/bin/../lib/gcc/arm-elf/4.1.1/../../../../arm-elf/lib/interwork/libc.a(dtoa.o)
 .debug_aranges
                0x00000500       0x20 /cygdrive/c/Embedded/GNUARM/bin/../lib/gcc/arm-elf/4.1.1/../../../../arm-elf/lib/interwork/libc.a(fflush.o)
 .debug_aranges
                0x00000520       0x20 /cygdrive/c/Embedded/GNUARM/bin/../lib/gcc/arm-elf/4.1.1/../../../../arm-elf/lib/interwork/libc.a(findfp.o)
 .debug_aranges
                0x00000540       0x20 /cygdrive/c/Embedded/GNUARM/bin/../lib/gcc/arm-elf/4.1.1/../../../../arm-elf/lib/interwork/libc.a(freer.o)
 .debug_aranges
                0x00000560       0x20 /cygdrive/c/Embedded/GNUARM/bin/../lib/gcc/arm-elf/4.1.1/../../../../arm-elf/lib/interwork/libc.a(fvwrite.o)
 .debug_aranges
                0x00000580       0x20 /cygdrive/c/Embedded/GNUARM/bin/../lib/gcc/arm-elf/4.1.1/../../../../arm-elf/lib/interwork/libc.a(fwalk.o)
 .debug_aranges
                0x000005a0       0x20 /cygdrive/c/Embedded/GNUARM/bin/../lib/gcc/arm-elf/4.1.1/../../../../arm-elf/lib/interwork/libc.a(locale.o)
 .debug_aranges
                0x000005c0       0x20 /cygdrive/c/Embedded/GNUARM/bin/../lib/gcc/arm-elf/4.1.1/../../../../arm-elf/lib/interwork/libc.a(makebuf.o)
 .debug_aranges
                0x000005e0       0x20 /cygdrive/c/Embedded/GNUARM/bin/../lib/gcc/arm-elf/4.1.1/../../../../arm-elf/lib/interwork/libc.a(mallocr.o)
 .debug_aranges
                0x00000600       0x20 /cygdrive/c/Embedded/GNUARM/bin/../lib/gcc/arm-elf/4.1.1/../../../../arm-elf/lib/interwork/libc.a(memchr.o)
 .debug_aranges
                0x00000620       0x20 /cygdrive/c/Embedded/GNUARM/bin/../lib/gcc/arm-elf/4.1.1/../../../../arm-elf/lib/interwork/libc.a(memmove.o)
 .debug_aranges
                0x00000640       0x20 /cygdrive/c/Embedded/GNUARM/bin/../lib/gcc/arm-elf/4.1.1/../../../../arm-elf/lib/interwork/libc.a(memset.o)
 .debug_aranges
                0x00000660       0x20 /cygdrive/c/Embedded/GNUARM/bin/../lib/gcc/arm-elf/4.1.1/../../../../arm-elf/lib/interwork/libc.a(mlock.o)
 .debug_aranges
                0x00000680       0x20 /cygdrive/c/Embedded/GNUARM/bin/../lib/gcc/arm-elf/4.1.1/../../../../arm-elf/lib/interwork/libc.a(mprec.o)
 .debug_aranges
                0x000006a0       0x20 /cygdrive/c/Embedded/GNUARM/bin/../lib/gcc/arm-elf/4.1.1/../../../../arm-elf/lib/interwork/libc.a(reallocr.o)
 .debug_aranges
                0x000006c0       0x20 /cygdrive/c/Embedded/GNUARM/bin/../lib/gcc/arm-elf/4.1.1/../../../../arm-elf/lib/interwork/libc.a(s_isinf.o)
 .debug_aranges
                0x000006e0       0x20 /cygdrive/c/Embedded/GNUARM/bin/../lib/gcc/arm-elf/4.1.1/../../../../arm-elf/lib/interwork/libc.a(s_isnan.o)
 .debug_aranges
                0x00000700       0x20 /cygdrive/c/Embedded/GNUARM/bin/../lib/gcc/arm-elf/4.1.1/../../../../arm-elf/lib/interwork/libc.a(sbrkr.o)
 .debug_aranges
                0x00000720       0x20 /cygdrive/c/Embedded/GNUARM/bin/../lib/gcc/arm-elf/4.1.1/../../../../arm-elf/lib/interwork/libc.a(stdio.o)
 .debug_aranges
                0x00000740       0x20 /cygdrive/c/Embedded/GNUARM/bin/../lib/gcc/arm-elf/4.1.1/../../../../arm-elf/lib/interwork/libc.a(strcmp.o)
 .debug_aranges
                0x00000760       0x20 /cygdrive/c/Embedded/GNUARM/bin/../lib/gcc/arm-elf/4.1.1/../../../../arm-elf/lib/interwork/libc.a(syscalls.o)
 .debug_aranges
                0x00000780       0x20 /cygdrive/c/Embedded/GNUARM/bin/../lib/gcc/arm-elf/4.1.1/../../../../arm-elf/lib/interwork/libc.a(writer.o)
 .debug_aranges
                0x000007a0       0x20 /cygdrive/c/Embedded/GNUARM/bin/../lib/gcc/arm-elf/4.1.1/../../../../arm-elf/lib/interwork/libc.a(callocr.o)
 .debug_aranges
                0x000007c0       0x20 /cygdrive/c/Embedded/GNUARM/bin/../lib/gcc/arm-elf/4.1.1/../../../../arm-elf/lib/interwork/libc.a(closer.o)
 .debug_aranges
                0x000007e0       0x20 /cygdrive/c/Embedded/GNUARM/bin/../lib/gcc/arm-elf/4.1.1/../../../../arm-elf/lib/interwork/libc.a(errno.o)
 .debug_aranges
                0x00000800       0x20 /cygdrive/c/Embedded/GNUARM/bin/../lib/gcc/arm-elf/4.1.1/../../../../arm-elf/lib/interwork/libc.a(fclose.o)
 .debug_aranges
                0x00000820       0x20 /cygdrive/c/Embedded/GNUARM/bin/../lib/gcc/arm-elf/4.1.1/../../../../arm-elf/lib/interwork/libc.a(fstatr.o)
 .debug_aranges
                0x00000840       0x20 /cygdrive/c/Embedded/GNUARM/bin/../lib/gcc/arm-elf/4.1.1/../../../../arm-elf/lib/interwork/libc.a(lseekr.o)
 .debug_aranges
                0x00000860       0x20 /cygdrive/c/Embedded/GNUARM/bin/../lib/gcc/arm-elf/4.1.1/../../../../arm-elf/lib/interwork/libc.a(readr.o)
 .debug_aranges
                0x00000880       0x20 /cygdrive/c/Embedded/GNUARM/bin/../lib/gcc/arm-elf/4.1.1/../../../../arm-elf/lib/interwork/libc.a(reent.o)
 .debug_aranges
                0x000008a0       0x20 /cygdrive/c/Embedded/GNUARM/bin/../lib/gcc/arm-elf/4.1.1/interwork/libgcc.a(_addsubdf3.o)
 .debug_aranges
                0x000008c0       0x20 /cygdrive/c/Embedded/GNUARM/bin/../lib/gcc/arm-elf/4.1.1/interwork/libgcc.a(_muldivdf3.o)
 .debug_aranges
                0x000008e0       0x20 /cygdrive/c/Embedded/GNUARM/bin/../lib/gcc/arm-elf/4.1.1/interwork/libgcc.a(_cmpdf2.o)
 .debug_aranges
                0x00000900       0x20 /cygdrive/c/Embedded/GNUARM/bin/../lib/gcc/arm-elf/4.1.1/interwork/libgcc.a(_fixdfsi.o)

.debug_pubnames
                0x00000000     0x13b6
 *(.debug_pubnames)
 .debug_pubnames
                0x00000000       0x60 main.o
 .debug_pubnames
                0x00000060       0x1e RGB.o
 .debug_pubnames
                0x0000007e       0xfa uart.o
 .debug_pubnames
                0x00000178       0x3c timer.o
 .debug_pubnames
                0x000001b4       0x20 motor.o
 .debug_pubnames
                0x000001d4       0x97 soundPlay.o
 .debug_pubnames
                0x0000026b       0x39 printMatrix.o
 .debug_pubnames
                0x000002a4       0x23 lcd.o
 .debug_pubnames
                0x000002c7       0x58 texts.o
 .debug_pubnames
                0x0000031f       0x4b gpio.o
 .debug_pubnames
                0x0000036a       0x2d irq/irq_code.a(irq_timer1.o)
 .debug_pubnames
                0x00000397       0x39 irq/irq_code.a(irqUart.o)
 .debug_pubnames
                0x000003d0       0xda ../startup/libea_startup_thumb.a(consol.o)
 .debug_pubnames
                0x000004aa       0x63 ../startup/libea_startup_thumb.a(framework.o)
 .debug_pubnames
                0x0000050d      0x17f ../pre_emptive_os/pre_emptive_os.a(kernel.o)
 .debug_pubnames
                0x0000068c       0x76 ../pre_emptive_os/pre_emptive_os.a(prioqueue.o)
 .debug_pubnames
                0x00000702       0x55 ../pre_emptive_os/pre_emptive_os.a(timer.o)
 .debug_pubnames
                0x00000757       0x4e ../pre_emptive_os/pre_emptive_os.a(stack_usage.o)
 .debug_pubnames
                0x000007a5       0xc1 ../pre_emptive_os/pre_emptive_os.a(a7hal.o)
 .debug_pubnames
                0x00000866       0x4d ../pre_emptive_os/pre_emptive_os.a(count_sem.o)
 .debug_pubnames
                0x000008b3       0x63 ../pre_emptive_os/pre_emptive_os.a(event.o)
 .debug_pubnames
                0x00000916       0x27 /cygdrive/c/Embedded/GNUARM/bin/../lib/gcc/arm-elf/4.1.1/../../../../arm-elf/lib/interwork/libc.a(atoi.o)
 .debug_pubnames
                0x0000093d       0x1d /cygdrive/c/Embedded/GNUARM/bin/../lib/gcc/arm-elf/4.1.1/../../../../arm-elf/lib/interwork/libc.a(memcmp.o)
 .debug_pubnames
                0x0000095a       0x1d /cygdrive/c/Embedded/GNUARM/bin/../lib/gcc/arm-elf/4.1.1/../../../../arm-elf/lib/interwork/libc.a(memcpy.o)
 .debug_pubnames
                0x00000977       0x25 /cygdrive/c/Embedded/GNUARM/bin/../lib/gcc/arm-elf/4.1.1/../../../../arm-elf/lib/interwork/libc.a(rand.o)
 .debug_pubnames
                0x0000099c       0x2f /cygdrive/c/Embedded/GNUARM/bin/../lib/gcc/arm-elf/4.1.1/../../../../arm-elf/lib/interwork/libc.a(snprintf.o)
 .debug_pubnames
                0x000009cb       0x1d /cygdrive/c/Embedded/GNUARM/bin/../lib/gcc/arm-elf/4.1.1/../../../../arm-elf/lib/interwork/libc.a(strlen.o)
 .debug_pubnames
                0x000009e8       0x2b /cygdrive/c/Embedded/GNUARM/bin/../lib/gcc/arm-elf/4.1.1/../../../../arm-elf/lib/interwork/libc.a(strtol.o)
 .debug_pubnames
                0x00000a13       0x2f /cygdrive/c/Embedded/GNUARM/bin/../lib/gcc/arm-elf/4.1.1/../../../../arm-elf/lib/interwork/libc.a(vfprintf.o)
 .debug_pubnames
                0x00000a42       0x2d /cygdrive/c/Embedded/GNUARM/bin/../lib/gcc/arm-elf/4.1.1/../../../../arm-elf/lib/interwork/libc.a(wcrtomb.o)
 .debug_pubnames
                0x00000a6f       0x31 /cygdrive/c/Embedded/GNUARM/bin/../lib/gcc/arm-elf/4.1.1/../../../../arm-elf/lib/interwork/libc.a(wcsrtombs.o)
 .debug_pubnames
                0x00000aa0       0x20 /cygdrive/c/Embedded/GNUARM/bin/../lib/gcc/arm-elf/4.1.1/../../../../arm-elf/lib/interwork/libc.a(wctomb_r.o)
 .debug_pubnames
                0x00000ac0       0x20 /cygdrive/c/Embedded/GNUARM/bin/../lib/gcc/arm-elf/4.1.1/../../../../arm-elf/lib/interwork/libc.a(wsetup.o)
 .debug_pubnames
                0x00000ae0       0x2e /cygdrive/c/Embedded/GNUARM/bin/../lib/gcc/arm-elf/4.1.1/../../../../arm-elf/lib/interwork/libc.a(ctype_.o)
 .debug_pubnames
                0x00000b0e       0x1e /cygdrive/c/Embedded/GNUARM/bin/../lib/gcc/arm-elf/4.1.1/../../../../arm-elf/lib/interwork/libc.a(dtoa.o)
 .debug_pubnames
                0x00000b2c       0x1d /cygdrive/c/Embedded/GNUARM/bin/../lib/gcc/arm-elf/4.1.1/../../../../arm-elf/lib/interwork/libc.a(fflush.o)
 .debug_pubnames
                0x00000b49       0xdb /cygdrive/c/Embedded/GNUARM/bin/../lib/gcc/arm-elf/4.1.1/../../../../arm-elf/lib/interwork/libc.a(findfp.o)
 .debug_pubnames
                0x00000c24       0x31 /cygdrive/c/Embedded/GNUARM/bin/../lib/gcc/arm-elf/4.1.1/../../../../arm-elf/lib/interwork/libc.a(freer.o)
 .debug_pubnames
                0x00000c55       0x21 /cygdrive/c/Embedded/GNUARM/bin/../lib/gcc/arm-elf/4.1.1/../../../../arm-elf/lib/interwork/libc.a(fvwrite.o)
 .debug_pubnames
                0x00000c76       0x2e /cygdrive/c/Embedded/GNUARM/bin/../lib/gcc/arm-elf/4.1.1/../../../../arm-elf/lib/interwork/libc.a(fwalk.o)
 .debug_pubnames
                0x00000ca4       0x39 /cygdrive/c/Embedded/GNUARM/bin/../lib/gcc/arm-elf/4.1.1/../../../../arm-elf/lib/interwork/libc.a(impure.o)
 .debug_pubnames
                0x00000cdd       0xc3 /cygdrive/c/Embedded/GNUARM/bin/../lib/gcc/arm-elf/4.1.1/../../../../arm-elf/lib/interwork/libc.a(locale.o)
 .debug_pubnames
                0x00000da0       0x21 /cygdrive/c/Embedded/GNUARM/bin/../lib/gcc/arm-elf/4.1.1/../../../../arm-elf/lib/interwork/libc.a(makebuf.o)
 .debug_pubnames